Archive member included because of file (symbol)

c:/program files (x86)/microchip/xc32/v1.40/bin/bin/../../lib/gcc/pic32mx/4.8.3/../../../../pic32mx/lib\libpic32.a(memcpy.o)
                              build/pic32mx_usb_sk2_int_dyn/production/_ext/1904930489/usb_device.o (memcpy)
c:/program files (x86)/microchip/xc32/v1.40/bin/bin/../../lib/gcc/pic32mx/4.8.3/../../../../pic32mx/lib\libpic32.a(default-bootstrap-exception-handler.o)
                              c:/program files (x86)/microchip/xc32/v1.40/bin/bin/../../lib/gcc/pic32mx/4.8.3/../../../../pic32mx/lib/./proc/32MX250F128B/crt0_mips32r2.o (_bootstrap_exception_handler)
c:/program files (x86)/microchip/xc32/v1.40/bin/bin/../../lib/gcc/pic32mx/4.8.3/../../../../pic32mx/lib\libpic32.a(default-on-reset.o)
                              c:/program files (x86)/microchip/xc32/v1.40/bin/bin/../../lib/gcc/pic32mx/4.8.3/../../../../pic32mx/lib/./proc/32MX250F128B/crt0_mips32r2.o (_on_reset)
c:/program files (x86)/microchip/xc32/v1.40/bin/bin/../../lib/gcc/pic32mx/4.8.3/../../../../pic32mx/lib\libpic32.a(default-on-bootstrap.o)
                              c:/program files (x86)/microchip/xc32/v1.40/bin/bin/../../lib/gcc/pic32mx/4.8.3/../../../../pic32mx/lib/./proc/32MX250F128B/crt0_mips32r2.o (_on_bootstrap)
c:/program files (x86)/microchip/xc32/v1.40/bin/bin/../../lib/gcc/pic32mx/4.8.3/../../../../pic32mx/lib\libpic32.a(default-nmi-handler.o)
                              c:/program files (x86)/microchip/xc32/v1.40/bin/bin/../../lib/gcc/pic32mx/4.8.3/../../../../pic32mx/lib/./proc/32MX250F128B/crt0_mips32r2.o (_nmi_handler)
c:/program files (x86)/microchip/xc32/v1.40/bin/bin/../../lib/gcc/pic32mx/4.8.3/../../../../pic32mx/lib\libpic32.a(general-exception.o)
                              c:/program files (x86)/microchip/xc32/v1.40/bin/bin/../../lib/gcc/pic32mx/4.8.3/../../../../pic32mx/lib/./proc/32MX250F128B/crt0_mips32r2.o (_general_exception_context)
c:/program files (x86)/microchip/xc32/v1.40/bin/bin/../../lib/gcc/pic32mx/4.8.3/../../../../pic32mx/lib\libpic32.a(vector0.o)
                              c:/program files (x86)/microchip/xc32/v1.40/bin/bin/../../lib/gcc/pic32mx/4.8.3/../../../../pic32mx/lib/./proc/32MX250F128B\default_isr_vectors.o (__vector_dispatch_0)
c:/program files (x86)/microchip/xc32/v1.40/bin/bin/../../lib/gcc/pic32mx/4.8.3/../../../../pic32mx/lib\libpic32.a(vector1.o)
                              c:/program files (x86)/microchip/xc32/v1.40/bin/bin/../../lib/gcc/pic32mx/4.8.3/../../../../pic32mx/lib/./proc/32MX250F128B\default_isr_vectors.o (__vector_dispatch_1)
c:/program files (x86)/microchip/xc32/v1.40/bin/bin/../../lib/gcc/pic32mx/4.8.3/../../../../pic32mx/lib\libpic32.a(vector2.o)
                              c:/program files (x86)/microchip/xc32/v1.40/bin/bin/../../lib/gcc/pic32mx/4.8.3/../../../../pic32mx/lib/./proc/32MX250F128B\default_isr_vectors.o (__vector_dispatch_2)
c:/program files (x86)/microchip/xc32/v1.40/bin/bin/../../lib/gcc/pic32mx/4.8.3/../../../../pic32mx/lib\libpic32.a(vector3.o)
                              c:/program files (x86)/microchip/xc32/v1.40/bin/bin/../../lib/gcc/pic32mx/4.8.3/../../../../pic32mx/lib/./proc/32MX250F128B\default_isr_vectors.o (__vector_dispatch_3)
c:/program files (x86)/microchip/xc32/v1.40/bin/bin/../../lib/gcc/pic32mx/4.8.3/../../../../pic32mx/lib\libpic32.a(vector4.o)
                              c:/program files (x86)/microchip/xc32/v1.40/bin/bin/../../lib/gcc/pic32mx/4.8.3/../../../../pic32mx/lib/./proc/32MX250F128B\default_isr_vectors.o (__vector_dispatch_4)
c:/program files (x86)/microchip/xc32/v1.40/bin/bin/../../lib/gcc/pic32mx/4.8.3/../../../../pic32mx/lib\libpic32.a(vector5.o)
                              c:/program files (x86)/microchip/xc32/v1.40/bin/bin/../../lib/gcc/pic32mx/4.8.3/../../../../pic32mx/lib/./proc/32MX250F128B\default_isr_vectors.o (__vector_dispatch_5)
c:/program files (x86)/microchip/xc32/v1.40/bin/bin/../../lib/gcc/pic32mx/4.8.3/../../../../pic32mx/lib\libpic32.a(vector6.o)
                              c:/program files (x86)/microchip/xc32/v1.40/bin/bin/../../lib/gcc/pic32mx/4.8.3/../../../../pic32mx/lib/./proc/32MX250F128B\default_isr_vectors.o (__vector_dispatch_6)
c:/program files (x86)/microchip/xc32/v1.40/bin/bin/../../lib/gcc/pic32mx/4.8.3/../../../../pic32mx/lib\libpic32.a(vector7.o)
                              c:/program files (x86)/microchip/xc32/v1.40/bin/bin/../../lib/gcc/pic32mx/4.8.3/../../../../pic32mx/lib/./proc/32MX250F128B\default_isr_vectors.o (__vector_dispatch_7)
c:/program files (x86)/microchip/xc32/v1.40/bin/bin/../../lib/gcc/pic32mx/4.8.3/../../../../pic32mx/lib\libpic32.a(vector8.o)
                              c:/program files (x86)/microchip/xc32/v1.40/bin/bin/../../lib/gcc/pic32mx/4.8.3/../../../../pic32mx/lib/./proc/32MX250F128B\default_isr_vectors.o (__vector_dispatch_8)
c:/program files (x86)/microchip/xc32/v1.40/bin/bin/../../lib/gcc/pic32mx/4.8.3/../../../../pic32mx/lib\libpic32.a(vector9.o)
[...]
Memory Configuration

Name             Origin             Length             Attributes
kseg0_program_mem 0x9d000000         0x0001f000         xr
exception_mem    0x9d01f000         0x00001000
debug_exec_mem   0x9fc00490         0x00000760
kseg0_boot_mem   0x9fc00490         0x00000000
kseg1_boot_mem   0xbfc00000         0x00000490
config3          0xbfc00bf0         0x00000004
config2          0xbfc00bf4         0x00000004
config1          0xbfc00bf8         0x00000004
config0          0xbfc00bfc         0x00000004
kseg1_data_mem   0xa0000000         0x00008000         w !x
sfrs             0xbf800000         0x00100000
configsfrs       0xbfc00bf0         0x00000010
*default*        0x00000000         0xffffffff

Linker script and memory map

LOAD c:/program files (x86)/microchip/xc32/v1.40/bin/bin/../../lib/gcc/pic32mx/4.8.3/../../../../pic32mx/lib/./proc/32MX250F128B/crt0_mips32r2.o
LOAD c:/program files (x86)/microchip/xc32/v1.40/bin/bin/../../lib/gcc/pic32mx/4.8.3/../../../../pic32mx/lib\debug-exception-return.o
LOAD build/pic32mx_usb_sk2_int_dyn/production/_ext/102310384/sys_clk_static.o
LOAD build/pic32mx_usb_sk2_int_dyn/production/_ext/1956551008/sys_ports_static.o
LOAD build/pic32mx_usb_sk2_int_dyn/production/_ext/1774247193/system_init.o
LOAD build/pic32mx_usb_sk2_int_dyn/production/_ext/1774247193/system_interrupt.o
LOAD build/pic32mx_usb_sk2_int_dyn/production/_ext/1774247193/system_exceptions.o
LOAD build/pic32mx_usb_sk2_int_dyn/production/_ext/1774247193/system_tasks.o
LOAD build/pic32mx_usb_sk2_int_dyn/production/_ext/1360937237/app.o
LOAD build/pic32mx_usb_sk2_int_dyn/production/_ext/1360937237/main.o
LOAD build/pic32mx_usb_sk2_int_dyn/production/_ext/1360937237/mouse.o
LOAD build/pic32mx_usb_sk2_int_dyn/production/_ext/1360937237/i2c.o
LOAD build/pic32mx_usb_sk2_int_dyn/production/_ext/1344078309/bsp_sys_init.o
LOAD build/pic32mx_usb_sk2_int_dyn/production/_ext/1072454860/drv_usbfs.o
LOAD build/pic32mx_usb_sk2_int_dyn/production/_ext/1072454860/drv_usbfs_device.o
LOAD build/pic32mx_usb_sk2_int_dyn/production/_ext/212648370/sys_devcon_pic32mx.o
LOAD build/pic32mx_usb_sk2_int_dyn/production/_ext/212648370/sys_devcon.o
LOAD build/pic32mx_usb_sk2_int_dyn/production/_ext/765902284/sys_int_pic32.o
LOAD build/pic32mx_usb_sk2_int_dyn/production/_ext/581270743/sys_ports.o
LOAD build/pic32mx_usb_sk2_int_dyn/production/_ext/1904930489/usb_device.o
LOAD build/pic32mx_usb_sk2_int_dyn/production/_ext/1904930489/usb_device_hid.o
LOAD build/pic32mx_usb_sk2_int_dyn/production/_ext/1360937237/imu.o
LOAD C:\microchip\harmony\v1_07_01\bin\framework\peripheral\PIC32MX795F512L_peripherals.a
                0x00000001                __MPLAB_BUILD = 0x1
                0x00000000                _min_heap_size = 0x0
LOAD c:/program files (x86)/microchip/xc32/v1.40/bin/bin/../../lib/gcc/pic32mx/4.8.3/../../../../pic32mx/lib/./proc/32MX250F128B\default_isr_vectors.o
LOAD c:/program files (x86)/microchip/xc32/v1.40/bin/bin/../../lib/gcc/pic32mx/4.8.3/../../../../pic32mx/lib\pic32_software_reset.o
                0x00000400                PROVIDE (_min_stack_size, 0x400)
LOAD c:/program files (x86)/microchip/xc32/v1.40/bin/bin/../../lib/gcc/pic32mx/4.8.3/../../../../pic32mx/lib/./proc/32MX250F128B\processor.o
START GROUP
LOAD c:/program files (x86)/microchip/xc32/v1.40/bin/bin/../../lib/gcc/pic32mx/4.8.3/../../../../pic32mx/lib\libmchp_peripheral.a
END GROUP
START GROUP
LOAD c:/program files (x86)/microchip/xc32/v1.40/bin/bin/../../lib/gcc/pic32mx/4.8.3/../../../../pic32mx/lib\libmchp_peripheral_32MX250F128B.a
END GROUP
                0x00000001                PROVIDE (_vector_spacing, 0x1)
                0x9d01f000                _ebase_address = 0x9d01f000
                0xbfc00000                _RESET_ADDR = 0xbfc00000
                0xbfc00380                _BEV_EXCPT_ADDR = 0xbfc00380
                0xbfc00480                _DBG_EXCPT_ADDR = 0xbfc00480
                0x9fc00490                _DBG_CODE_ADDR = 0x9fc00490
                0x00000760                _DBG_CODE_SIZE = 0x760
                0x9d01f180                _GEN_EXCPT_ADDR = (_ebase_address + 0x180)

.config_BFC00BF0
                0xbfc00bf0        0x4
 *(.config_BFC00BF0)
 .config_BFC00BF0
                0xbfc00bf0        0x4 build/pic32mx_usb_sk2_int_dyn/production/_ext/1774247193/system_init.o

.config_BFC00BF4
                0xbfc00bf4        0x4
 *(.config_BFC00BF4)
 .config_BFC00BF4
                0xbfc00bf4        0x4 build/pic32mx_usb_sk2_int_dyn/production/_ext/1774247193/system_init.o

.config_BFC00BF8
                0xbfc00bf8        0x4
 *(.config_BFC00BF8)
 .config_BFC00BF8
                0xbfc00bf8        0x4 build/pic32mx_usb_sk2_int_dyn/production/_ext/1774247193/system_init.o

.config_BFC00BFC
                0xbfc00bfc        0x4
 *(.config_BFC00BFC)
 .config_BFC00BFC
                0xbfc00bfc        0x4 build/pic32mx_usb_sk2_int_dyn/production/_ext/1774247193/system_init.o
                0xbfc02000                PROVIDE (_DBG_CODE_ADDR, 0xbfc02000)
                0x00000ff0                PROVIDE (_DBG_CODE_SIZE, 0xff0)

.reset          0xbfc00000      0x1d0
 *(.reset)
 .reset         0xbfc00000        0x8 c:/program files (x86)/microchip/xc32/v1.40/bin/bin/../../lib/gcc/pic32mx/4.8.3/../../../../pic32mx/lib/./proc/32MX250F128B/crt0_mips32r2.o
                0xbfc00000                _reset
 *(.reset.startup)
 .reset.startup
                0xbfc00008      0x1c8 c:/program files (x86)/microchip/xc32/v1.40/bin/bin/../../lib/gcc/pic32mx/4.8.3/../../../../pic32mx/lib/./proc/32MX250F128B/crt0_mips32r2.o

.bev_excpt      0xbfc00380       0x10
 *(.bev_handler)
 .bev_handler   0xbfc00380       0x10 c:/program files (x86)/microchip/xc32/v1.40/bin/bin/../../lib/gcc/pic32mx/4.8.3/../../../../pic32mx/lib/./proc/32MX250F128B/crt0_mips32r2.o

.dbg_excpt      0xbfc00480        0x0
                0xbfc00480                . = (. + DEFINED (_DEBUGGER)?0x8:0x0)

.dbg_code       0x9fc00490        0x0
                0x9fc00490                . = (. + DEFINED (_DEBUGGER)?_DBG_CODE_SIZE:0x0)

.app_excpt      0x9d01f180       0x10
 *(.gen_handler)
 .gen_handler   0x9d01f180       0x10 c:/program files (x86)/microchip/xc32/v1.40/bin/bin/../../lib/gcc/pic32mx/4.8.3/../../../../pic32mx/lib/./proc/32MX250F128B/crt0_mips32r2.o

.vector_0       0x9d01f200        0x8
 *(.vector_0)
 .vector_0      0x9d01f200        0x8 c:/program files (x86)/microchip/xc32/v1.40/bin/bin/../../lib/gcc/pic32mx/4.8.3/../../../../pic32mx/lib\libpic32.a(vector0.o)
                0x9d01f200                __vector_dispatch_0
                0x00000001                ASSERT (((_vector_spacing == 0x0) || (SIZEOF (.vector_0) <= (_vector_spacing << 0x5))), function at exception vector 0 too large)

.vector_1       0x9d01f220        0x8
 *(.vector_1)
 .vector_1      0x9d01f220        0x8 c:/program files (x86)/microchip/xc32/v1.40/bin/bin/../../lib/gcc/pic32mx/4.8.3/../../../../pic32mx/lib\libpic32.a(vector1.o)
                0x9d01f220                __vector_dispatch_1
                0x00000001                ASSERT (((_vector_spacing == 0x0) || (SIZEOF (.vector_1) <= (_vector_spacing << 0x5))), function at exception vector 1 too large)

.vector_2       0x9d01f240        0x8
 *(.vector_2)
 .vector_2      0x9d01f240        0x8 c:/program files (x86)/microchip/xc32/v1.40/bin/bin/../../lib/gcc/pic32mx/4.8.3/../../../../pic32mx/lib\libpic32.a(vector2.o)
                0x9d01f240                __vector_dispatch_2
                0x00000001                ASSERT (((_vector_spacing == 0x0) || (SIZEOF (.vector_2) <= (_vector_spacing << 0x5))), function at exception vector 2 too large)

.vector_3       0x9d01f260        0x8
 *(.vector_3)
 .vector_3      0x9d01f260        0x8 c:/program files (x86)/microchip/xc32/v1.40/bin/bin/../../lib/gcc/pic32mx/4.8.3/../../../../pic32mx/lib\libpic32.a(vector3.o)
                0x9d01f260                __vector_dispatch_3
                0x00000001                ASSERT (((_vector_spacing == 0x0) || (SIZEOF (.vector_3) <= (_vector_spacing << 0x5))), function at exception vector 3 too large)

.vector_4       0x9d01f280        0x8
 *(.vector_4)
 .vector_4      0x9d01f280        0x8 c:/program files (x86)/microchip/xc32/v1.40/bin/bin/../../lib/gcc/pic32mx/4.8.3/../../../../pic32mx/lib\libpic32.a(vector4.o)
                0x9d01f280                __vector_dispatch_4
                0x00000001                ASSERT (((_vector_spacing == 0x0) || (SIZEOF (.vector_4) <= (_vector_spacing << 0x5))), function at exception vector 4 too large)

.vector_5       0x9d01f2a0        0x8
 *(.vector_5)
 .vector_5      0x9d01f2a0        0x8 c:/program files (x86)/microchip/xc32/v1.40/bin/bin/../../lib/gcc/pic32mx/4.8.3/../../../../pic32mx/lib\libpic32.a(vector5.o)
                0x9d01f2a0                __vector_dispatch_5
                0x00000001                ASSERT (((_vector_spacing == 0x0) || (SIZEOF (.vector_5) <= (_vector_spacing << 0x5))), function at exception vector 5 too large)

.vector_6       0x9d01f2c0        0x8
 *(.vector_6)
 .vector_6      0x9d01f2c0        0x8 c:/program files (x86)/microchip/xc32/v1.40/bin/bin/../../lib/gcc/pic32mx/4.8.3/../../../../pic32mx/lib\libpic32.a(vector6.o)
                0x9d01f2c0                __vector_dispatch_6
                0x00000001                ASSERT (((_vector_spacing == 0x0) || (SIZEOF (.vector_6) <= (_vector_spacing << 0x5))), function at exception vector 6 too large)

.vector_7       0x9d01f2e0        0x8
 *(.vector_7)
 .vector_7      0x9d01f2e0        0x8 c:/program files (x86)/microchip/xc32/v1.40/bin/bin/../../lib/gcc/pic32mx/4.8.3/../../../../pic32mx/lib\libpic32.a(vector7.o)
                0x9d01f2e0                __vector_dispatch_7
                0x00000001                ASSERT (((_vector_spacing == 0x0) || (SIZEOF (.vector_7) <= (_vector_spacing << 0x5))), function at exception vector 7 too large)

.vector_8       0x9d01f300        0x8
 *(.vector_8)
 .vector_8      0x9d01f300        0x8 c:/program files (x86)/microchip/xc32/v1.40/bin/bin/../../lib/gcc/pic32mx/4.8.3/../../../../pic32mx/lib\libpic32.a(vector8.o)
                0x9d01f300                __vector_dispatch_8
                0x00000001                ASSERT (((_vector_spacing == 0x0) || (SIZEOF (.vector_8) <= (_vector_spacing << 0x5))), function at exception vector 8 too large)

.vector_9       0x9d01f320        0x8
 *(.vector_9)
 .vector_9      0x9d01f320        0x8 c:/program files (x86)/microchip/xc32/v1.40/bin/bin/../../lib/gcc/pic32mx/4.8.3/../../../../pic32mx/lib\libpic32.a(vector9.o)
                0x9d01f320                __vector_dispatch_9
                0x00000001                ASSERT (((_vector_spacing == 0x0) || (SIZEOF (.vector_9) <= (_vector_spacing << 0x5))), function at exception vector 9 too large)

.vector_10      0x9d01f340        0x8
 *(.vector_10)
 .vector_10     0x9d01f340        0x8 c:/program files (x86)/microchip/xc32/v1.40/bin/bin/../../lib/gcc/pic32mx/4.8.3/../../../../pic32mx/lib\libpic32.a(vector10.o)
                0x9d01f340                __vector_dispatch_10
                0x00000001                ASSERT (((_vector_spacing == 0x0) || (SIZEOF (.vector_10) <= (_vector_spacing << 0x5))), function at exception vector 10 too large)

.vector_11      0x9d01f360        0x8
 *(.vector_11)
 .vector_11     0x9d01f360        0x8 c:/program files (x86)/microchip/xc32/v1.40/bin/bin/../../lib/gcc/pic32mx/4.8.3/../../../../pic32mx/lib\libpic32.a(vector11.o)
                0x9d01f360                __vector_dispatch_11
                0x00000001                ASSERT (((_vector_spacing == 0x0) || (SIZEOF (.vector_11) <= (_vector_spacing << 0x5))), function at exception vector 11 too large)

.vector_12      0x9d01f380        0x8
 *(.vector_12)
 .vector_12     0x9d01f380        0x8 c:/program files (x86)/microchip/xc32/v1.40/bin/bin/../../lib/gcc/pic32mx/4.8.3/../../../../pic32mx/lib\libpic32.a(vector12.o)
                0x9d01f380                __vector_dispatch_12
                0x00000001                ASSERT (((_vector_spacing == 0x0) || (SIZEOF (.vector_12) <= (_vector_spacing << 0x5))), function at exception vector 12 too large)

.vector_13      0x9d01f3a0        0x8
 *(.vector_13)
 .vector_13     0x9d01f3a0        0x8 c:/program files (x86)/microchip/xc32/v1.40/bin/bin/../../lib/gcc/pic32mx/4.8.3/../../../../pic32mx/lib\libpic32.a(vector13.o)
                0x9d01f3a0                __vector_dispatch_13
                0x00000001                ASSERT (((_vector_spacing == 0x0) || (SIZEOF (.vector_13) <= (_vector_spacing << 0x5))), function at exception vector 13 too large)

.vector_14      0x9d01f3c0        0x8
 *(.vector_14)
 .vector_14     0x9d01f3c0        0x8 c:/program files (x86)/microchip/xc32/v1.40/bin/bin/../../lib/gcc/pic32mx/4.8.3/../../../../pic32mx/lib\libpic32.a(vector14.o)
                0x9d01f3c0                __vector_dispatch_14
                0x00000001                ASSERT (((_vector_spacing == 0x0) || (SIZEOF (.vector_14) <= (_vector_spacing << 0x5))), function at exception vector 14 too large)

.vector_15      0x9d01f3e0        0x8
 *(.vector_15)
 .vector_15     0x9d01f3e0        0x8 c:/program files (x86)/microchip/xc32/v1.40/bin/bin/../../lib/gcc/pic32mx/4.8.3/../../../../pic32mx/lib\libpic32.a(vector15.o)
                0x9d01f3e0                __vector_dispatch_15
                0x00000001                ASSERT (((_vector_spacing == 0x0) || (SIZEOF (.vector_15) <= (_vector_spacing << 0x5))), function at exception vector 15 too large)

.vector_16      0x9d01f400        0x8
 *(.vector_16)
 .vector_16     0x9d01f400        0x8 c:/program files (x86)/microchip/xc32/v1.40/bin/bin/../../lib/gcc/pic32mx/4.8.3/../../../../pic32mx/lib\libpic32.a(vector16.o)
                0x9d01f400                __vector_dispatch_16
                0x00000001                ASSERT (((_vector_spacing == 0x0) || (SIZEOF (.vector_16) <= (_vector_spacing << 0x5))), function at exception vector 16 too large)

.vector_17      0x9d01f420        0x8
 *(.vector_17)
 .vector_17     0x9d01f420        0x8 c:/program files (x86)/microchip/xc32/v1.40/bin/bin/../../lib/gcc/pic32mx/4.8.3/../../../../pic32mx/lib\libpic32.a(vector17.o)
                0x9d01f420                __vector_dispatch_17
                0x00000001                ASSERT (((_vector_spacing == 0x0) || (SIZEOF (.vector_17) <= (_vector_spacing << 0x5))), function at exception vector 17 too large)

.vector_18      0x9d01f440        0x8
 *(.vector_18)
 .vector_18     0x9d01f440        0x8 c:/program files (x86)/microchip/xc32/v1.40/bin/bin/../../lib/gcc/pic32mx/4.8.3/../../../../pic32mx/lib\libpic32.a(vector18.o)
                0x9d01f440                __vector_dispatch_18
                0x00000001                ASSERT (((_vector_spacing == 0x0) || (SIZEOF (.vector_18) <= (_vector_spacing << 0x5))), function at exception vector 18 too large)

.vector_19      0x9d01f460        0x8
 *(.vector_19)
 .vector_19     0x9d01f460        0x8 c:/program files (x86)/microchip/xc32/v1.40/bin/bin/../../lib/gcc/pic32mx/4.8.3/../../../../pic32mx/lib\libpic32.a(vector19.o)
                0x9d01f460                __vector_dispatch_19
                0x00000001                ASSERT (((_vector_spacing == 0x0) || (SIZEOF (.vector_19) <= (_vector_spacing << 0x5))), function at exception vector 19 too large)

.vector_20      0x9d01f480        0x8
 *(.vector_20)
 .vector_20     0x9d01f480        0x8 c:/program files (x86)/microchip/xc32/v1.40/bin/bin/../../lib/gcc/pic32mx/4.8.3/../../../../pic32mx/lib\libpic32.a(vector20.o)
                0x9d01f480                __vector_dispatch_20
                0x00000001                ASSERT (((_vector_spacing == 0x0) || (SIZEOF (.vector_20) <= (_vector_spacing << 0x5))), function at exception vector 20 too large)

.vector_21      0x9d01f4a0        0x8
 *(.vector_21)
 .vector_21     0x9d01f4a0        0x8 c:/program files (x86)/microchip/xc32/v1.40/bin/bin/../../lib/gcc/pic32mx/4.8.3/../../../../pic32mx/lib\libpic32.a(vector21.o)
                0x9d01f4a0                __vector_dispatch_21
                0x00000001                ASSERT (((_vector_spacing == 0x0) || (SIZEOF (.vector_21) <= (_vector_spacing << 0x5))), function at exception vector 21 too large)

.vector_22      0x9d01f4c0        0x8
 *(.vector_22)
 .vector_22     0x9d01f4c0        0x8 c:/program files (x86)/microchip/xc32/v1.40/bin/bin/../../lib/gcc/pic32mx/4.8.3/../../../../pic32mx/lib\libpic32.a(vector22.o)
                0x9d01f4c0                __vector_dispatch_22
                0x00000001                ASSERT (((_vector_spacing == 0x0) || (SIZEOF (.vector_22) <= (_vector_spacing << 0x5))), function at exception vector 22 too large)

.vector_23      0x9d01f4e0        0x8
 *(.vector_23)
 .vector_23     0x9d01f4e0        0x8 c:/program files (x86)/microchip/xc32/v1.40/bin/bin/../../lib/gcc/pic32mx/4.8.3/../../../../pic32mx/lib\libpic32.a(vector23.o)
                0x9d01f4e0                __vector_dispatch_23
                0x00000001                ASSERT (((_vector_spacing == 0x0) || (SIZEOF (.vector_23) <= (_vector_spacing << 0x5))), function at exception vector 23 too large)

.vector_24      0x9d01f500        0x8
 *(.vector_24)
 .vector_24     0x9d01f500        0x8 c:/program files (x86)/microchip/xc32/v1.40/bin/bin/../../lib/gcc/pic32mx/4.8.3/../../../../pic32mx/lib\libpic32.a(vector24.o)
                0x9d01f500                __vector_dispatch_24
                0x00000001                ASSERT (((_vector_spacing == 0x0) || (SIZEOF (.vector_24) <= (_vector_spacing << 0x5))), function at exception vector 24 too large)

.vector_25      0x9d01f520        0x8
 *(.vector_25)
 .vector_25     0x9d01f520        0x8 c:/program files (x86)/microchip/xc32/v1.40/bin/bin/../../lib/gcc/pic32mx/4.8.3/../../../../pic32mx/lib\libpic32.a(vector25.o)
                0x9d01f520                __vector_dispatch_25
                0x00000001                ASSERT (((_vector_spacing == 0x0) || (SIZEOF (.vector_25) <= (_vector_spacing << 0x5))), function at exception vector 25 too large)

.vector_26      0x9d01f540        0x8
 *(.vector_26)
 .vector_26     0x9d01f540        0x8 c:/program files (x86)/microchip/xc32/v1.40/bin/bin/../../lib/gcc/pic32mx/4.8.3/../../../../pic32mx/lib\libpic32.a(vector26.o)
                0x9d01f540                __vector_dispatch_26
                0x00000001                ASSERT (((_vector_spacing == 0x0) || (SIZEOF (.vector_26) <= (_vector_spacing << 0x5))), function at exception vector 26 too large)

.vector_27      0x9d01f560        0x8
 *(.vector_27)
 .vector_27     0x9d01f560        0x8 c:/program files (x86)/microchip/xc32/v1.40/bin/bin/../../lib/gcc/pic32mx/4.8.3/../../../../pic32mx/lib\libpic32.a(vector27.o)
                0x9d01f560                __vector_dispatch_27
                0x00000001                ASSERT (((_vector_spacing == 0x0) || (SIZEOF (.vector_27) <= (_vector_spacing << 0x5))), function at exception vector 27 too large)

.vector_28      0x9d01f580        0x8
 *(.vector_28)
 .vector_28     0x9d01f580        0x8 c:/program files (x86)/microchip/xc32/v1.40/bin/bin/../../lib/gcc/pic32mx/4.8.3/../../../../pic32mx/lib\libpic32.a(vector28.o)
                0x9d01f580                __vector_dispatch_28
                0x00000001                ASSERT (((_vector_spacing == 0x0) || (SIZEOF (.vector_28) <= (_vector_spacing << 0x5))), function at exception vector 28 too large)

.vector_29      0x9d01f5a0        0x8
 *(.vector_29)
 .vector_29     0x9d01f5a0        0x8 c:/program files (x86)/microchip/xc32/v1.40/bin/bin/../../lib/gcc/pic32mx/4.8.3/../../../../pic32mx/lib\libpic32.a(vector29.o)
                0x9d01f5a0                __vector_dispatch_29
                0x00000001                ASSERT (((_vector_spacing == 0x0) || (SIZEOF (.vector_29) <= (_vector_spacing << 0x5))), function at exception vector 29 too large)

.vector_30      0x9d01f5c0        0x8
 *(.vector_30)
 .vector_30     0x9d01f5c0        0x8 build/pic32mx_usb_sk2_int_dyn/production/_ext/1774247193/system_interrupt.o
                0x9d01f5c0                __vector_dispatch_30
                0x00000001                ASSERT (((_vector_spacing == 0x0) || (SIZEOF (.vector_30) <= (_vector_spacing << 0x5))), function at exception vector 30 too large)

.vector_31      0x9d01f5e0        0x8
 *(.vector_31)
 .vector_31     0x9d01f5e0        0x8 c:/program files (x86)/microchip/xc32/v1.40/bin/bin/../../lib/gcc/pic32mx/4.8.3/../../../../pic32mx/lib\libpic32.a(vector31.o)
                0x9d01f5e0                __vector_dispatch_31
                0x00000001                ASSERT (((_vector_spacing == 0x0) || (SIZEOF (.vector_31) <= (_vector_spacing << 0x5))), function at exception vector 31 too large)

.vector_32      0x9d01f600        0x8
 *(.vector_32)
 .vector_32     0x9d01f600        0x8 c:/program files (x86)/microchip/xc32/v1.40/bin/bin/../../lib/gcc/pic32mx/4.8.3/../../../../pic32mx/lib\libpic32.a(vector32.o)
                0x9d01f600                __vector_dispatch_32
                0x00000001                ASSERT (((_vector_spacing == 0x0) || (SIZEOF (.vector_32) <= (_vector_spacing << 0x5))), function at exception vector 32 too large)

.vector_33      0x9d01f620        0x8
 *(.vector_33)
 .vector_33     0x9d01f620        0x8 c:/program files (x86)/microchip/xc32/v1.40/bin/bin/../../lib/gcc/pic32mx/4.8.3/../../../../pic32mx/lib\libpic32.a(vector33.o)
                0x9d01f620                __vector_dispatch_33
                0x00000001                ASSERT (((_vector_spacing == 0x0) || (SIZEOF (.vector_33) <= (_vector_spacing << 0x5))), function at exception vector 33 too large)

.vector_34      0x9d01f640        0x8
 *(.vector_34)
 .vector_34     0x9d01f640        0x8 c:/program files (x86)/microchip/xc32/v1.40/bin/bin/../../lib/gcc/pic32mx/4.8.3/../../../../pic32mx/lib\libpic32.a(vector34.o)
                0x9d01f640                __vector_dispatch_34
                0x00000001                ASSERT (((_vector_spacing == 0x0) || (SIZEOF (.vector_34) <= (_vector_spacing << 0x5))), function at exception vector 34 too large)

.vector_35      0x9d01f660        0x8
 *(.vector_35)
 .vector_35     0x9d01f660        0x8 c:/program files (x86)/microchip/xc32/v1.40/bin/bin/../../lib/gcc/pic32mx/4.8.3/../../../../pic32mx/lib\libpic32.a(vector35.o)
                0x9d01f660                __vector_dispatch_35
                0x00000001                ASSERT (((_vector_spacing == 0x0) || (SIZEOF (.vector_35) <= (_vector_spacing << 0x5))), function at exception vector 35 too large)

.vector_36      0x9d01f680        0x8
 *(.vector_36)
 .vector_36     0x9d01f680        0x8 c:/program files (x86)/microchip/xc32/v1.40/bin/bin/../../lib/gcc/pic32mx/4.8.3/../../../../pic32mx/lib\libpic32.a(vector36.o)
                0x9d01f680                __vector_dispatch_36
                0x00000001                ASSERT (((_vector_spacing == 0x0) || (SIZEOF (.vector_36) <= (_vector_spacing << 0x5))), function at exception vector 36 too large)

.vector_37      0x9d01f6a0        0x8
 *(.vector_37)
 .vector_37     0x9d01f6a0        0x8 c:/program files (x86)/microchip/xc32/v1.40/bin/bin/../../lib/gcc/pic32mx/4.8.3/../../../../pic32mx/lib\libpic32.a(vector37.o)
                0x9d01f6a0                __vector_dispatch_37
                0x00000001                ASSERT (((_vector_spacing == 0x0) || (SIZEOF (.vector_37) <= (_vector_spacing << 0x5))), function at exception vector 37 too large)

.vector_38      0x9d01f6c0        0x8
 *(.vector_38)
 .vector_38     0x9d01f6c0        0x8 c:/program files (x86)/microchip/xc32/v1.40/bin/bin/../../lib/gcc/pic32mx/4.8.3/../../../../pic32mx/lib\libpic32.a(vector38.o)
                0x9d01f6c0                __vector_dispatch_38
                0x00000001                ASSERT (((_vector_spacing == 0x0) || (SIZEOF (.vector_38) <= (_vector_spacing << 0x5))), function at exception vector 38 too large)

.vector_39      0x9d01f6e0        0x8
 *(.vector_39)
 .vector_39     0x9d01f6e0        0x8 c:/program files (x86)/microchip/xc32/v1.40/bin/bin/../../lib/gcc/pic32mx/4.8.3/../../../../pic32mx/lib\libpic32.a(vector39.o)
                0x9d01f6e0                __vector_dispatch_39
                0x00000001                ASSERT (((_vector_spacing == 0x0) || (SIZEOF (.vector_39) <= (_vector_spacing << 0x5))), function at exception vector 39 too large)

.vector_40      0x9d01f700        0x8
 *(.vector_40)
 .vector_40     0x9d01f700        0x8 c:/program files (x86)/microchip/xc32/v1.40/bin/bin/../../lib/gcc/pic32mx/4.8.3/../../../../pic32mx/lib\libpic32.a(vector40.o)
                0x9d01f700                __vector_dispatch_40
                0x00000001                ASSERT (((_vector_spacing == 0x0) || (SIZEOF (.vector_40) <= (_vector_spacing << 0x5))), function at exception vector 40 too large)

.vector_41      0x9d01f720        0x8
 *(.vector_41)
 .vector_41     0x9d01f720        0x8 c:/program files (x86)/microchip/xc32/v1.40/bin/bin/../../lib/gcc/pic32mx/4.8.3/../../../../pic32mx/lib\libpic32.a(vector41.o)
                0x9d01f720                __vector_dispatch_41
                0x00000001                ASSERT (((_vector_spacing == 0x0) || (SIZEOF (.vector_41) <= (_vector_spacing << 0x5))), function at exception vector 41 too large)

.vector_42      0x9d01f740        0x8
 *(.vector_42)
 .vector_42     0x9d01f740        0x8 c:/program files (x86)/microchip/xc32/v1.40/bin/bin/../../lib/gcc/pic32mx/4.8.3/../../../../pic32mx/lib\libpic32.a(vector42.o)
                0x9d01f740                __vector_dispatch_42
                0x00000001                ASSERT (((_vector_spacing == 0x0) || (SIZEOF (.vector_42) <= (_vector_spacing << 0x5))), function at exception vector 42 too large)

.vector_43      0x9d01f760        0x8
 *(.vector_43)
 .vector_43     0x9d01f760        0x8 c:/program files (x86)/microchip/xc32/v1.40/bin/bin/../../lib/gcc/pic32mx/4.8.3/../../../../pic32mx/lib\libpic32.a(vector43.o)
                0x9d01f760                __vector_dispatch_43
                0x00000001                ASSERT (((_vector_spacing == 0x0) || (SIZEOF (.vector_43) <= (_vector_spacing << 0x5))), function at exception vector 43 too large)

.vector_44      0x9d01f780        0x0
 *(.vector_44)
                0x00000001                ASSERT (((_vector_spacing == 0x0) || (SIZEOF (.vector_44) <= (_vector_spacing << 0x5))), function at exception vector 44 too large)

.vector_45      0x9d01f7a0        0x0
 *(.vector_45)
                0x00000001                ASSERT (((_vector_spacing == 0x0) || (SIZEOF (.vector_45) <= (_vector_spacing << 0x5))), function at exception vector 45 too large)

.vector_46      0x9d01f7c0        0x0
 *(.vector_46)
                0x00000001                ASSERT (((_vector_spacing == 0x0) || (SIZEOF (.vector_46) <= (_vector_spacing << 0x5))), function at exception vector 46 too large)

.vector_47      0x9d01f7e0        0x0
 *(.vector_47)
                0x00000001                ASSERT (((_vector_spacing == 0x0) || (SIZEOF (.vector_47) <= (_vector_spacing << 0x5))), function at exception vector 47 too large)

.vector_48      0x9d01f800        0x0
 *(.vector_48)
                0x00000001                ASSERT (((_vector_spacing == 0x0) || (SIZEOF (.vector_48) <= (_vector_spacing << 0x5))), function at exception vector 48 too large)

.vector_49      0x9d01f820        0x0
 *(.vector_49)
                0x00000001                ASSERT (((_vector_spacing == 0x0) || (SIZEOF (.vector_49) <= (_vector_spacing << 0x5))), function at exception vector 49 too large)

.vector_50      0x9d01f840        0x0
 *(.vector_50)
                0x00000001                ASSERT (((_vector_spacing == 0x0) || (SIZEOF (.vector_50) <= (_vector_spacing << 0x5))), function at exception vector 50 too large)

.vector_51      0x9d01f860        0x0
 *(.vector_51)
                0x00000001                ASSERT (((_vector_spacing == 0x0) || (SIZEOF (.vector_51) <= (_vector_spacing << 0x5))), function at exception vector 51 too large)

.vector_52      0x9d01f880        0x0
 *(.vector_52)
                0x00000001                ASSERT (((_vector_spacing == 0x0) || (SIZEOF (.vector_52) <= (_vector_spacing << 0x5))), function at exception vector 52 too large)

.vector_53      0x9d01f8a0        0x0
 *(.vector_53)
                0x00000001                ASSERT (((_vector_spacing == 0x0) || (SIZEOF (.vector_53) <= (_vector_spacing << 0x5))), function at exception vector 53 too large)

.vector_54      0x9d01f8c0        0x0
 *(.vector_54)
                0x00000001                ASSERT (((_vector_spacing == 0x0) || (SIZEOF (.vector_54) <= (_vector_spacing << 0x5))), function at exception vector 54 too large)

.vector_55      0x9d01f8e0        0x0
 *(.vector_55)
                0x00000001                ASSERT (((_vector_spacing == 0x0) || (SIZEOF (.vector_55) <= (_vector_spacing << 0x5))), function at exception vector 55 too large)

.vector_56      0x9d01f900        0x0
 *(.vector_56)
                0x00000001                ASSERT (((_vector_spacing == 0x0) || (SIZEOF (.vector_56) <= (_vector_spacing << 0x5))), function at exception vector 56 too large)

.vector_57      0x9d01f920        0x0
 *(.vector_57)
                0x00000001                ASSERT (((_vector_spacing == 0x0) || (SIZEOF (.vector_57) <= (_vector_spacing << 0x5))), function at exception vector 57 too large)

.vector_58      0x9d01f940        0x0
 *(.vector_58)
                0x00000001                ASSERT (((_vector_spacing == 0x0) || (SIZEOF (.vector_58) <= (_vector_spacing << 0x5))), function at exception vector 58 too large)

.vector_59      0x9d01f960        0x0
 *(.vector_59)
                0x00000001                ASSERT (((_vector_spacing == 0x0) || (SIZEOF (.vector_59) <= (_vector_spacing << 0x5))), function at exception vector 59 too large)

.vector_60      0x9d01f980        0x0
 *(.vector_60)
                0x00000001                ASSERT (((_vector_spacing == 0x0) || (SIZEOF (.vector_60) <= (_vector_spacing << 0x5))), function at exception vector 60 too large)

.vector_61      0x9d01f9a0        0x0
 *(.vector_61)
                0x00000001                ASSERT (((_vector_spacing == 0x0) || (SIZEOF (.vector_61) <= (_vector_spacing << 0x5))), function at exception vector 61 too large)

.vector_62      0x9d01f9c0        0x0
 *(.vector_62)
                0x00000001                ASSERT (((_vector_spacing == 0x0) || (SIZEOF (.vector_62) <= (_vector_spacing << 0x5))), function at exception vector 62 too large)

.vector_63      0x9d01f9e0        0x0
 *(.vector_63)
                0x00000001                ASSERT (((_vector_spacing == 0x0) || (SIZEOF (.vector_63) <= (_vector_spacing << 0x5))), function at exception vector 63 too large)

.startup
 *(.startup)

.text           0x9d000000        0x0
 *(.stub .gnu.linkonce.t.*)
 *(.text.*personality*)
 *(.mips16.fn.*)
 *(.mips16.call.*)
 *(.gnu.warning)
                0x9d000000                . = ALIGN (0x4)

.init           0x9d000000        0x0
 *crti.o(.init)
 *crtbegin.o(.init)
 *(EXCLUDE_FILE(*crtn.o *crtend?.o *crtend.o) .init)
 *crtend.o(.init)
 *crtn.o(.init)
                0x9d000000                . = ALIGN (0x4)

.fini           0x9d000000        0x0
 *(.fini)
                0x9d000000                . = ALIGN (0x4)

.preinit_array  0x9d000000        0x0
                0x9d000000                PROVIDE (__preinit_array_start, .)
 *(.preinit_array)
                0x9d000000                PROVIDE (__preinit_array_end, .)
                0x9d000000                . = ALIGN (0x4)

.init_array     0x9d000000        0x0
                0x9d000000                PROVIDE (__init_array_start, .)
 *(SORT(.init_array.*))
 *(.init_array)
                0x9d000000                PROVIDE (__init_array_end, .)
                0x9d000000                . = ALIGN (0x4)

.fini_array     0x9d000000        0x0
                0x9d000000                PROVIDE (__fini_array_start, .)
 *(SORT(.fini_array.*))
 *(.fini_array)
                0x9d000000                PROVIDE (__fini_array_end, .)
                0x9d000000                . = ALIGN (0x4)

.ctors          0x9d000000        0x0
 *crtbegin.o(.ctors)
 *crtbegin?.o(.ctors)
 *(EXCLUDE_FILE(*crtend?.o *crtend.o) .ctors)
 *(SORT(.ctors.*))
 *(.ctors)
                0x9d000000                . = ALIGN (0x4)

.dtors          0x9d000000        0x0
 *crtbegin.o(.dtors)
 *crtbegin?.o(.dtors)
 *(EXCLUDE_FILE(*crtend?.o *crtend.o) .dtors)
 *(SORT(.dtors.*))
 *(.dtors)
                0x9d000000                . = ALIGN (0x4)

.rodata         0x9d000000        0x0
 *(.gnu.linkonce.r.*)
 *(.rodata1)
                0x9d000000                . = ALIGN (0x4)

.sdata2         0x9fc00490        0x0
 *(.sdata2 .sdata2.* .gnu.linkonce.s2.*)
                0x9fc00490                . = ALIGN (0x4)

.sbss2          0x9fc00490        0x0
 *(.sbss2 .sbss2.* .gnu.linkonce.sb2.*)
                0x9fc00490                . = ALIGN (0x4)

.eh_frame_hdr
 *(.eh_frame_hdr)
                0x9fc00490                . = ALIGN (0x4)

.eh_frame
 *(.eh_frame)
                0x9fc00490                . = ALIGN (0x4)

.gcc_except_table
 *(.gcc_except_table .gcc_except_table.*)
                0x9fc00490                . = ALIGN (0x4)

.dbg_data       0xa0000000        0x0
                0xa0000000                . = (. + DEFINED (_DEBUGGER)?0x200:0x0)

.jcr            0xa0000000        0x0
 *(.jcr)
                0xa0000000                . = ALIGN (0x4)

.eh_frame
 *(.eh_frame)
                0xa0000000                . = ALIGN (0x4)

.gcc_except_table
 *(.gcc_except_table .gcc_except_table.*)
                0xa0000000                . = ALIGN (0x4)

.persist        0xa0000000        0x0
                0xa0000000                _persist_begin = .
 *(.persist .persist.*)
 *(.pbss .pbss.*)
                0xa0000000                . = ALIGN (0x4)
                0xa0000000                _persist_end = .

.data           0xa0000000        0x0
 *(.gnu.linkonce.d.*)
 *(.data1)
                0xa0000000                . = ALIGN (0x4)
                0xa0000000                . = .
                0xa0007ff0                _gp = (ALIGN (0x10) + 0x7ff0)

.got            0xa0000000        0x0
 *(.got.plt)
 *(.got)
                0xa0000000                . = ALIGN (0x4)

.sdata          0xa0000000        0x0
                0xa0000000                _sdata_begin = .
 *(.sdata .sdata.* .gnu.linkonce.s.*)
                0xa0000000                . = ALIGN (0x4)
                0xa0000000                _sdata_end = .

.lit8
 *(.lit8)

.lit4
 *(.lit4)
                0xa0000000                . = ALIGN (0x4)
                0xa0000000                _data_end = .
                0xa0000000                _bss_begin = .

.sbss           0xa0000000       0x44
                0xa0000000                _sbss_begin = .
 *(.dynsbss)
 *(.sbss .sbss.* .gnu.linkonce.sb.*)
 .sbss          0xa0000000        0xc build/pic32mx_usb_sk2_int_dyn/production/_ext/1774247193/system_exceptions.o
 .sbss          0xa000000c        0x8 build/pic32mx_usb_sk2_int_dyn/production/_ext/1360937237/app.o
 .sbss          0xa0000014        0x1 build/pic32mx_usb_sk2_int_dyn/production/_ext/1904930489/usb_device_hid.o
 *fill*         0xa0000015        0x3 
 .sbss          0xa0000018       0x18 build/pic32mx_usb_sk2_int_dyn/production/_ext/1360937237/imu.o
 *(.scommon)
 .scommon       0xa0000030        0x7 build/pic32mx_usb_sk2_int_dyn/production/_ext/1360937237/app.o
                0xa0000030                mouseReportPrevious
                0xa0000034                mouseReport
 *fill*         0xa0000037        0x1 
 .scommon       0xa0000038        0x8 build/pic32mx_usb_sk2_int_dyn/production/_ext/212648370/sys_devcon.o
                0xa0000038                sysDevconObj
 .scommon       0xa0000040        0x2 build/pic32mx_usb_sk2_int_dyn/production/_ext/1904930489/usb_device_hid.o
                0xa0000040                gUSBDeviceHidCommonDataObj
                0xa0000042                _sbss_end = .
                0xa0000044                . = ALIGN (0x4)
 *fill*         0xa0000042        0x2 

.bss            0xa0000200      0x184
 *(.dynbss)
 *(COMMON)
 COMMON         0xa0000200       0x4c build/pic32mx_usb_sk2_int_dyn/production/_ext/1774247193/system_init.o
                0xa0000200                endPointTable
                0xa0000240                sysObj
 COMMON         0xa000024c       0x30 build/pic32mx_usb_sk2_int_dyn/production/_ext/1360937237/app.o
                0xa000024c                appData
 COMMON         0xa000027c       0x98 build/pic32mx_usb_sk2_int_dyn/production/_ext/1072454860/drv_usbfs.o
                0xa000027c                gDrvUSBGroup
 COMMON         0xa0000314       0x70 build/pic32mx_usb_sk2_int_dyn/production/_ext/1904930489/usb_device_hid.o
                0xa0000314                gUsbDeviceHidInstance
                0xa000033c                gUSBDeviceHIDIRP
                0xa0000384                . = ALIGN ((. != 0x0)?0x4:0x1)
                0xa0000384                . = ALIGN (0x4)
                0xa0000384                _end = .
                0xa0000384                _bss_end = .
                0x00008000                _bmxdudba_address = 0x8000
                0x00008000                _bmxdupba_address = 0x8000

/DISCARD/
 *(.pdr)
 *(.rel.dyn)
 *(.note.GNU-stack)
 *(.note.GNU-stack)
 *(.gnu_debuglink)
 *(.gnu.lto_*)
 *(.discard)

.gptab.sdata
 *(.gptab.data)
 *(.gptab.sdata)

.gptab.sbss
 *(.gptab.bss)
 *(.gptab.sbss)

.mdebug.abi32   0xa0000384        0x0
 *(.mdebug.abi32)
 .mdebug.abi32  0xa0000384        0x0 build/pic32mx_usb_sk2_int_dyn/production/_ext/102310384/sys_clk_static.o
 .mdebug.abi32  0xa0000384        0x0 build/pic32mx_usb_sk2_int_dyn/production/_ext/1956551008/sys_ports_static.o
 .mdebug.abi32  0xa0000384        0x0 build/pic32mx_usb_sk2_int_dyn/production/_ext/1774247193/system_init.o
 .mdebug.abi32  0xa0000384        0x0 build/pic32mx_usb_sk2_int_dyn/production/_ext/1774247193/system_interrupt.o
 .mdebug.abi32  0xa0000384        0x0 build/pic32mx_usb_sk2_int_dyn/production/_ext/1774247193/system_exceptions.o
 .mdebug.abi32  0xa0000384        0x0 build/pic32mx_usb_sk2_int_dyn/production/_ext/1774247193/system_tasks.o
 .mdebug.abi32  0xa0000384        0x0 build/pic32mx_usb_sk2_int_dyn/production/_ext/1360937237/app.o
 .mdebug.abi32  0xa0000384        0x0 build/pic32mx_usb_sk2_int_dyn/production/_ext/1360937237/main.o
 .mdebug.abi32  0xa0000384        0x0 build/pic32mx_usb_sk2_int_dyn/production/_ext/1360937237/mouse.o
 .mdebug.abi32  0xa0000384        0x0 build/pic32mx_usb_sk2_int_dyn/production/_ext/1360937237/i2c.o
 .mdebug.abi32  0xa0000384        0x0 build/pic32mx_usb_sk2_int_dyn/production/_ext/1344078309/bsp_sys_init.o
 .mdebug.abi32  0xa0000384        0x0 build/pic32mx_usb_sk2_int_dyn/production/_ext/1072454860/drv_usbfs.o
 .mdebug.abi32  0xa0000384        0x0 build/pic32mx_usb_sk2_int_dyn/production/_ext/1072454860/drv_usbfs_device.o
 .mdebug.abi32  0xa0000384        0x0 build/pic32mx_usb_sk2_int_dyn/production/_ext/212648370/sys_devcon_pic32mx.o
 .mdebug.abi32  0xa0000384        0x0 build/pic32mx_usb_sk2_int_dyn/production/_ext/212648370/sys_devcon.o
 .mdebug.abi32  0xa0000384        0x0 build/pic32mx_usb_sk2_int_dyn/production/_ext/765902284/sys_int_pic32.o
 .mdebug.abi32  0xa0000384        0x0 build/pic32mx_usb_sk2_int_dyn/production/_ext/581270743/sys_ports.o
 .mdebug.abi32  0xa0000384        0x0 build/pic32mx_usb_sk2_int_dyn/production/_ext/1904930489/usb_device.o
 .mdebug.abi32  0xa0000384        0x0 build/pic32mx_usb_sk2_int_dyn/production/_ext/1904930489/usb_device_hid.o
 .mdebug.abi32  0xa0000384        0x0 build/pic32mx_usb_sk2_int_dyn/production/_ext/1360937237/imu.o
 .mdebug.abi32  0xa0000384        0x0 c:/program files (x86)/microchip/xc32/v1.40/bin/bin/../../lib/gcc/pic32mx/4.8.3/../../../../pic32mx/lib\libpic32.a(default-bootstrap-exception-handler.o)
 .mdebug.abi32  0xa0000384        0x0 c:/program files (x86)/microchip/xc32/v1.40/bin/bin/../../lib/gcc/pic32mx/4.8.3/../../../../pic32mx/lib\libpic32.a(default-on-reset.o)
 .mdebug.abi32  0xa0000384        0x0 c:/program files (x86)/microchip/xc32/v1.40/bin/bin/../../lib/gcc/pic32mx/4.8.3/../../../../pic32mx/lib\libpic32.a(default-on-bootstrap.o)
 .mdebug.abi32  0xa0000384        0x0 c:/program files (x86)/microchip/xc32/v1.40/bin/bin/../../lib/gcc/pic32mx/4.8.3/../../../../pic32mx/lib\libpic32.a(defaultinterrupt.o)

.mdebug.abiN32
 *(.mdebug.abiN32)

.mdebug.abi64
 *(.mdebug.abi64)

.mdebug.abiO64
 *(.mdebug.abiO64)

.mdebug.eabi32
 *(.mdebug.eabi32)

.mdebug.eabi64
 *(.mdebug.eabi64)

.gcc_compiled_long32
 *(.gcc_compiled_long32)

.gcc_compiled_long64
 *(.gcc_compiled_long64)

.stab
 *(.stab)

.stabstr
 *(.stabstr)

.stab.excl
 *(.stab.excl)

.stab.exclstr
 *(.stab.exclstr)

.stab.index
 *(.stab.index)

.stab.indexstr
 *(.stab.indexstr)

.comment        0x00000000       0x54
 *(.comment)
 .comment       0x00000000       0x3c build/pic32mx_usb_sk2_int_dyn/production/_ext/102310384/sys_clk_static.o
                                 0x3d (size before relaxing)
 .comment       0x00000000       0x3d build/pic32mx_usb_sk2_int_dyn/production/_ext/1956551008/sys_ports_static.o
 .comment       0x00000000       0x3d build/pic32mx_usb_sk2_int_dyn/production/_ext/1774247193/system_init.o
 .comment       0x00000000       0x3d build/pic32mx_usb_sk2_int_dyn/production/_ext/1774247193/system_interrupt.o
 .comment       0x00000000       0x3d build/pic32mx_usb_sk2_int_dyn/production/_ext/1774247193/system_exceptions.o
 .comment       0x00000000       0x3d build/pic32mx_usb_sk2_int_dyn/production/_ext/1774247193/system_tasks.o
 .comment       0x00000000       0x3d build/pic32mx_usb_sk2_int_dyn/production/_ext/1360937237/app.o
 .comment       0x00000000       0x3d build/pic32mx_usb_sk2_int_dyn/production/_ext/1360937237/main.o
 .comment       0x00000000       0x3d build/pic32mx_usb_sk2_int_dyn/production/_ext/1360937237/mouse.o
 .comment       0x00000000       0x3d build/pic32mx_usb_sk2_int_dyn/production/_ext/1360937237/i2c.o
 .comment       0x00000000       0x3d build/pic32mx_usb_sk2_int_dyn/production/_ext/1344078309/bsp_sys_init.o
 .comment       0x00000000       0x3d build/pic32mx_usb_sk2_int_dyn/production/_ext/1072454860/drv_usbfs.o
 .comment       0x00000000       0x3d build/pic32mx_usb_sk2_int_dyn/production/_ext/1072454860/drv_usbfs_device.o
 .comment       0x00000000       0x3d build/pic32mx_usb_sk2_int_dyn/production/_ext/212648370/sys_devcon_pic32mx.o
 .comment       0x00000000       0x3d build/pic32mx_usb_sk2_int_dyn/production/_ext/212648370/sys_devcon.o
 .comment       0x00000000       0x3d build/pic32mx_usb_sk2_int_dyn/production/_ext/765902284/sys_int_pic32.o
 .comment       0x00000000       0x3d build/pic32mx_usb_sk2_int_dyn/production/_ext/581270743/sys_ports.o
 .comment       0x00000000       0x3d build/pic32mx_usb_sk2_int_dyn/production/_ext/1904930489/usb_device.o
 .comment       0x00000000       0x3d build/pic32mx_usb_sk2_int_dyn/production/_ext/1904930489/usb_device_hid.o
 .comment       0x00000000       0x3d build/pic32mx_usb_sk2_int_dyn/production/_ext/1360937237/imu.o
 .comment       0x00000000       0x3d c:/program files (x86)/microchip/xc32/v1.40/bin/bin/../../lib/gcc/pic32mx/4.8.3/../../../../pic32mx/lib\libpic32.a(default-bootstrap-exception-handler.o)
 .comment       0x00000000       0x3d c:/program files (x86)/microchip/xc32/v1.40/bin/bin/../../lib/gcc/pic32mx/4.8.3/../../../../pic32mx/lib\libpic32.a(default-on-reset.o)
 .comment       0x00000000       0x3d c:/program files (x86)/microchip/xc32/v1.40/bin/bin/../../lib/gcc/pic32mx/4.8.3/../../../../pic32mx/lib\libpic32.a(default-on-bootstrap.o)
 .comment       0x0000003c       0x18 c:/program files (x86)/microchip/xc32/v1.40/bin/bin/../../lib/gcc/pic32mx/4.8.3/../../../../pic32mx/lib\libpic32.a(memcmp.o)
                                 0x19 (size before relaxing)
 .comment       0x00000000       0x3d c:/program files (x86)/microchip/xc32/v1.40/bin/bin/../../lib/gcc/pic32mx/4.8.3/../../../../pic32mx/lib\libpic32.a(defaultinterrupt.o)

.debug
 *(.debug)

.line
 *(.line)

.debug_srcinfo
 *(.debug_srcinfo)

.debug_sfnames
 *(.debug_sfnames)

.debug_aranges  0x00000000      0x798
 *(.debug_aranges)
 .debug_aranges
                0x00000000       0x50 build/pic32mx_usb_sk2_int_dyn/production/_ext/102310384/sys_clk_static.o
 .debug_aranges
                0x00000050       0x20 build/pic32mx_usb_sk2_int_dyn/production/_ext/1956551008/sys_ports_static.o
 .debug_aranges
                0x00000070       0x20 build/pic32mx_usb_sk2_int_dyn/production/_ext/1774247193/system_init.o
 .debug_aranges
                0x00000090       0x20 build/pic32mx_usb_sk2_int_dyn/production/_ext/1774247193/system_interrupt.o
 .debug_aranges
                0x000000b0       0x20 build/pic32mx_usb_sk2_int_dyn/production/_ext/1774247193/system_exceptions.o
 .debug_aranges
                0x000000d0       0x20 build/pic32mx_usb_sk2_int_dyn/production/_ext/1774247193/system_tasks.o
 .debug_aranges
                0x000000f0       0x50 build/pic32mx_usb_sk2_int_dyn/production/_ext/1360937237/app.o
 .debug_aranges
                0x00000140       0x20 build/pic32mx_usb_sk2_int_dyn/production/_ext/1360937237/main.o
 .debug_aranges
                0x00000160       0x20 build/pic32mx_usb_sk2_int_dyn/production/_ext/1360937237/mouse.o
 .debug_aranges
                0x00000180       0x58 build/pic32mx_usb_sk2_int_dyn/production/_ext/1360937237/i2c.o
 .debug_aranges
                0x000001d8       0x50 build/pic32mx_usb_sk2_int_dyn/production/_ext/1344078309/bsp_sys_init.o
 .debug_aranges
                0x00000228       0x70 build/pic32mx_usb_sk2_int_dyn/production/_ext/1072454860/drv_usbfs.o
 .debug_aranges
                0x00000298       0xb8 build/pic32mx_usb_sk2_int_dyn/production/_ext/1072454860/drv_usbfs_device.o
 .debug_aranges
                0x00000350       0x20 build/pic32mx_usb_sk2_int_dyn/production/_ext/212648370/sys_devcon_pic32mx.o
 .debug_aranges
                0x00000370       0x78 build/pic32mx_usb_sk2_int_dyn/production/_ext/212648370/sys_devcon.o
 .debug_aranges
                0x000003e8       0x48 build/pic32mx_usb_sk2_int_dyn/production/_ext/765902284/sys_int_pic32.o
 .debug_aranges
                0x00000430      0x100 build/pic32mx_usb_sk2_int_dyn/production/_ext/581270743/sys_ports.o
 .debug_aranges
                0x00000530      0x150 build/pic32mx_usb_sk2_int_dyn/production/_ext/1904930489/usb_device.o
 .debug_aranges
                0x00000680       0x60 build/pic32mx_usb_sk2_int_dyn/production/_ext/1904930489/usb_device_hid.o
 .debug_aranges
                0x000006e0       0x38 build/pic32mx_usb_sk2_int_dyn/production/_ext/1360937237/imu.o
 .debug_aranges
                0x00000718       0x20 c:/program files (x86)/microchip/xc32/v1.40/bin/bin/../../lib/gcc/pic32mx/4.8.3/../../../../pic32mx/lib\libpic32.a(default-bootstrap-exception-handler.o)
 .debug_aranges
                0x00000738       0x20 c:/program files (x86)/microchip/xc32/v1.40/bin/bin/../../lib/gcc/pic32mx/4.8.3/../../../../pic32mx/lib\libpic32.a(default-on-reset.o)
 .debug_aranges
                0x00000758       0x20 c:/program files (x86)/microchip/xc32/v1.40/bin/bin/../../lib/gcc/pic32mx/4.8.3/../../../../pic32mx/lib\libpic32.a(default-on-bootstrap.o)
 .debug_aranges
                0x00000778       0x20 c:/program files (x86)/microchip/xc32/v1.40/bin/bin/../../lib/gcc/pic32mx/4.8.3/../../../../pic32mx/lib\libpic32.a(defaultinterrupt.o)

.debug_pubnames
 *(.debug_pubnames)

.debug_info     0x00000000    0x2a821
 *(.debug_info .gnu.linkonce.wi.*)
 .debug_info    0x00000000     0x16a7 build/pic32mx_usb_sk2_int_dyn/production/_ext/102310384/sys_clk_static.o
 .debug_info    0x000016a7      0xa36 build/pic32mx_usb_sk2_int_dyn/production/_ext/1956551008/sys_ports_static.o
 .debug_info    0x000020dd     0x4649 build/pic32mx_usb_sk2_int_dyn/production/_ext/1774247193/system_init.o
 .debug_info    0x00006726      0xa60 build/pic32mx_usb_sk2_int_dyn/production/_ext/1774247193/system_interrupt.o
 .debug_info    0x00007186     0x143d build/pic32mx_usb_sk2_int_dyn/production/_ext/1774247193/system_exceptions.o
 .debug_info    0x000085c3      0xabd build/pic32mx_usb_sk2_int_dyn/production/_ext/1774247193/system_tasks.o
 .debug_info    0x00009080     0x435a build/pic32mx_usb_sk2_int_dyn/production/_ext/1360937237/app.o
 .debug_info    0x0000d3da      0x181 build/pic32mx_usb_sk2_int_dyn/production/_ext/1360937237/main.o
 .debug_info    0x0000d55b      0x704 build/pic32mx_usb_sk2_int_dyn/production/_ext/1360937237/mouse.o
 .debug_info    0x0000dc5f      0x715 build/pic32mx_usb_sk2_int_dyn/production/_ext/1360937237/i2c.o
 .debug_info    0x0000e374      0xe7c build/pic32mx_usb_sk2_int_dyn/production/_ext/1344078309/bsp_sys_init.o
 .debug_info    0x0000f1f0     0x3ad5 build/pic32mx_usb_sk2_int_dyn/production/_ext/1072454860/drv_usbfs.o
 .debug_info    0x00012cc5     0x6803 build/pic32mx_usb_sk2_int_dyn/production/_ext/1072454860/drv_usbfs_device.o
 .debug_info    0x000194c8      0xb15 build/pic32mx_usb_sk2_int_dyn/production/_ext/212648370/sys_devcon_pic32mx.o
 .debug_info    0x00019fdd     0x1434 build/pic32mx_usb_sk2_int_dyn/production/_ext/212648370/sys_devcon.o
 .debug_info    0x0001b411     0x1659 build/pic32mx_usb_sk2_int_dyn/production/_ext/765902284/sys_int_pic32.o
 .debug_info    0x0001ca6a     0x3833 build/pic32mx_usb_sk2_int_dyn/production/_ext/581270743/sys_ports.o
 .debug_info    0x0002029d     0x569e build/pic32mx_usb_sk2_int_dyn/production/_ext/1904930489/usb_device.o
 .debug_info    0x0002593b     0x4619 build/pic32mx_usb_sk2_int_dyn/production/_ext/1904930489/usb_device_hid.o
 .debug_info    0x00029f54      0x591 build/pic32mx_usb_sk2_int_dyn/production/_ext/1360937237/imu.o
 .debug_info    0x0002a4e5       0xe3 c:/program files (x86)/microchip/xc32/v1.40/bin/bin/../../lib/gcc/pic32mx/4.8.3/../../../../pic32mx/lib\libpic32.a(default-bootstrap-exception-handler.o)
 .debug_info    0x0002a5c8       0xbd c:/program files (x86)/microchip/xc32/v1.40/bin/bin/../../lib/gcc/pic32mx/4.8.3/../../../../pic32mx/lib\libpic32.a(default-on-reset.o)
 .debug_info    0x0002a685       0xc5 c:/program files (x86)/microchip/xc32/v1.40/bin/bin/../../lib/gcc/pic32mx/4.8.3/../../../../pic32mx/lib\libpic32.a(default-on-bootstrap.o)
 .debug_info    0x0002a74a       0xd7 c:/program files (x86)/microchip/xc32/v1.40/bin/bin/../../lib/gcc/pic32mx/4.8.3/../../../../pic32mx/lib\libpic32.a(defaultinterrupt.o)

.debug_abbrev   0x00000000     0x2af6
 *(.debug_abbrev)
 .debug_abbrev  0x00000000      0x27b build/pic32mx_usb_sk2_int_dyn/production/_ext/102310384/sys_clk_static.o
 .debug_abbrev  0x0000027b      0x126 build/pic32mx_usb_sk2_int_dyn/production/_ext/1956551008/sys_ports_static.o
 .debug_abbrev  0x000003a1      0x374 build/pic32mx_usb_sk2_int_dyn/production/_ext/1774247193/system_init.o
 .debug_abbrev  0x00000715       0xb0 build/pic32mx_usb_sk2_int_dyn/production/_ext/1774247193/system_interrupt.o
 .debug_abbrev  0x000007c5       0xaf build/pic32mx_usb_sk2_int_dyn/production/_ext/1774247193/system_exceptions.o
 .debug_abbrev  0x00000874       0xc3 build/pic32mx_usb_sk2_int_dyn/production/_ext/1774247193/system_tasks.o
 .debug_abbrev  0x00000937      0x354 build/pic32mx_usb_sk2_int_dyn/production/_ext/1360937237/app.o
 .debug_abbrev  0x00000c8b       0x93 build/pic32mx_usb_sk2_int_dyn/production/_ext/1360937237/main.o
 .debug_abbrev  0x00000d1e       0xcb build/pic32mx_usb_sk2_int_dyn/production/_ext/1360937237/mouse.o
 .debug_abbrev  0x00000de9      0x138 build/pic32mx_usb_sk2_int_dyn/production/_ext/1360937237/i2c.o
 .debug_abbrev  0x00000f21      0x170 build/pic32mx_usb_sk2_int_dyn/production/_ext/1344078309/bsp_sys_init.o
 .debug_abbrev  0x00001091      0x434 build/pic32mx_usb_sk2_int_dyn/production/_ext/1072454860/drv_usbfs.o
 .debug_abbrev  0x000014c5      0x483 build/pic32mx_usb_sk2_int_dyn/production/_ext/1072454860/drv_usbfs_device.o
 .debug_abbrev  0x00001948      0x160 build/pic32mx_usb_sk2_int_dyn/production/_ext/212648370/sys_devcon_pic32mx.o
 .debug_abbrev  0x00001aa8      0x283 build/pic32mx_usb_sk2_int_dyn/production/_ext/212648370/sys_devcon.o
 .debug_abbrev  0x00001d2b      0x1ce build/pic32mx_usb_sk2_int_dyn/production/_ext/765902284/sys_int_pic32.o
 .debug_abbrev  0x00001ef9      0x22d build/pic32mx_usb_sk2_int_dyn/production/_ext/581270743/sys_ports.o
 .debug_abbrev  0x00002126      0x3ec build/pic32mx_usb_sk2_int_dyn/production/_ext/1904930489/usb_device.o
 .debug_abbrev  0x00002512      0x43a build/pic32mx_usb_sk2_int_dyn/production/_ext/1904930489/usb_device_hid.o
 .debug_abbrev  0x0000294c      0x10a build/pic32mx_usb_sk2_int_dyn/production/_ext/1360937237/imu.o
 .debug_abbrev  0x00002a56       0x28 c:/program files (x86)/microchip/xc32/v1.40/bin/bin/../../lib/gcc/pic32mx/4.8.3/../../../../pic32mx/lib\libpic32.a(default-bootstrap-exception-handler.o)
 .debug_abbrev  0x00002a7e       0x28 c:/program files (x86)/microchip/xc32/v1.40/bin/bin/../../lib/gcc/pic32mx/4.8.3/../../../../pic32mx/lib\libpic32.a(default-on-reset.o)
 .debug_abbrev  0x00002aa6       0x28 c:/program files (x86)/microchip/xc32/v1.40/bin/bin/../../lib/gcc/pic32mx/4.8.3/../../../../pic32mx/lib\libpic32.a(default-on-bootstrap.o)
 .debug_abbrev  0x00002ace       0x28 c:/program files (x86)/microchip/xc32/v1.40/bin/bin/../../lib/gcc/pic32mx/4.8.3/../../../../pic32mx/lib\libpic32.a(defaultinterrupt.o)

.debug_line     0x00000000     0x5e0f
 *(.debug_line)
 .debug_line    0x00000000      0x40d build/pic32mx_usb_sk2_int_dyn/production/_ext/102310384/sys_clk_static.o
 .debug_line    0x0000040d      0x2f5 build/pic32mx_usb_sk2_int_dyn/production/_ext/1956551008/sys_ports_static.o
 .debug_line    0x00000702      0x736 build/pic32mx_usb_sk2_int_dyn/production/_ext/1774247193/system_init.o
 .debug_line    0x00000e38      0x1da build/pic32mx_usb_sk2_int_dyn/production/_ext/1774247193/system_interrupt.o
 .debug_line    0x00001012      0x207 build/pic32mx_usb_sk2_int_dyn/production/_ext/1774247193/system_exceptions.o
 .debug_line    0x00001219      0x27a build/pic32mx_usb_sk2_int_dyn/production/_ext/1774247193/system_tasks.o
 .debug_line    0x00001493      0x4b1 build/pic32mx_usb_sk2_int_dyn/production/_ext/1360937237/app.o
 .debug_line    0x00001944       0x9b build/pic32mx_usb_sk2_int_dyn/production/_ext/1360937237/main.o
 .debug_line    0x000019df      0x10b build/pic32mx_usb_sk2_int_dyn/production/_ext/1360937237/mouse.o
 .debug_line    0x00001aea      0x15d build/pic32mx_usb_sk2_int_dyn/production/_ext/1360937237/i2c.o
 .debug_line    0x00001c47      0x2bb build/pic32mx_usb_sk2_int_dyn/production/_ext/1344078309/bsp_sys_init.o
 .debug_line    0x00001f02      0x8fd build/pic32mx_usb_sk2_int_dyn/production/_ext/1072454860/drv_usbfs.o
 .debug_line    0x000027ff      0xefd build/pic32mx_usb_sk2_int_dyn/production/_ext/1072454860/drv_usbfs_device.o
 .debug_line    0x000036fc      0x391 build/pic32mx_usb_sk2_int_dyn/production/_ext/212648370/sys_devcon_pic32mx.o
 .debug_line    0x00003a8d      0x618 build/pic32mx_usb_sk2_int_dyn/production/_ext/212648370/sys_devcon.o
 .debug_line    0x000040a5      0x39e build/pic32mx_usb_sk2_int_dyn/production/_ext/765902284/sys_int_pic32.o
 .debug_line    0x00004443      0x7af build/pic32mx_usb_sk2_int_dyn/production/_ext/581270743/sys_ports.o
 .debug_line    0x00004bf2      0x93c build/pic32mx_usb_sk2_int_dyn/production/_ext/1904930489/usb_device.o
 .debug_line    0x0000552e      0x5de build/pic32mx_usb_sk2_int_dyn/production/_ext/1904930489/usb_device_hid.o
 .debug_line    0x00005b0c       0xca build/pic32mx_usb_sk2_int_dyn/production/_ext/1360937237/imu.o
 .debug_line    0x00005bd6       0x97 c:/program files (x86)/microchip/xc32/v1.40/bin/bin/../../lib/gcc/pic32mx/4.8.3/../../../../pic32mx/lib\libpic32.a(default-bootstrap-exception-handler.o)
 .debug_line    0x00005c6d       0x84 c:/program files (x86)/microchip/xc32/v1.40/bin/bin/../../lib/gcc/pic32mx/4.8.3/../../../../pic32mx/lib\libpic32.a(default-on-reset.o)
 .debug_line    0x00005cf1       0x88 c:/program files (x86)/microchip/xc32/v1.40/bin/bin/../../lib/gcc/pic32mx/4.8.3/../../../../pic32mx/lib\libpic32.a(default-on-bootstrap.o)
 .debug_line    0x00005d79       0x96 c:/program files (x86)/microchip/xc32/v1.40/bin/bin/../../lib/gcc/pic32mx/4.8.3/../../../../pic32mx/lib\libpic32.a(defaultinterrupt.o)

.debug_frame    0x00000000      0xfec
 *(.debug_frame)
 .debug_frame   0x00000000       0xa0 build/pic32mx_usb_sk2_int_dyn/production/_ext/102310384/sys_clk_static.o
 .debug_frame   0x000000a0       0x20 build/pic32mx_usb_sk2_int_dyn/production/_ext/1956551008/sys_ports_static.o
 .debug_frame   0x000000c0       0x28 build/pic32mx_usb_sk2_int_dyn/production/_ext/1774247193/system_init.o
 .debug_frame   0x000000e8       0x64 build/pic32mx_usb_sk2_int_dyn/production/_ext/1774247193/system_interrupt.o
 .debug_frame   0x0000014c       0x28 build/pic32mx_usb_sk2_int_dyn/production/_ext/1774247193/system_exceptions.o
 .debug_frame   0x00000174       0x28 build/pic32mx_usb_sk2_int_dyn/production/_ext/1774247193/system_tasks.o
 .debug_frame   0x0000019c       0xb0 build/pic32mx_usb_sk2_int_dyn/production/_ext/1360937237/app.o
 .debug_frame   0x0000024c       0x28 build/pic32mx_usb_sk2_int_dyn/production/_ext/1360937237/main.o
 .debug_frame   0x00000274       0x20 build/pic32mx_usb_sk2_int_dyn/production/_ext/1360937237/mouse.o
 .debug_frame   0x00000294       0xd4 build/pic32mx_usb_sk2_int_dyn/production/_ext/1360937237/i2c.o
 .debug_frame   0x00000368       0x80 build/pic32mx_usb_sk2_int_dyn/production/_ext/1344078309/bsp_sys_init.o
 .debug_frame   0x000003e8       0xe8 build/pic32mx_usb_sk2_int_dyn/production/_ext/1072454860/drv_usbfs.o
 .debug_frame   0x000004d0      0x1d8 build/pic32mx_usb_sk2_int_dyn/production/_ext/1072454860/drv_usbfs_device.o
 .debug_frame   0x000006a8       0x28 build/pic32mx_usb_sk2_int_dyn/production/_ext/212648370/sys_devcon_pic32mx.o
 .debug_frame   0x000006d0       0xe8 build/pic32mx_usb_sk2_int_dyn/production/_ext/212648370/sys_devcon.o
 .debug_frame   0x000007b8       0x90 build/pic32mx_usb_sk2_int_dyn/production/_ext/765902284/sys_int_pic32.o
 .debug_frame   0x00000848      0x1e0 build/pic32mx_usb_sk2_int_dyn/production/_ext/581270743/sys_ports.o
 .debug_frame   0x00000a28      0x3d8 build/pic32mx_usb_sk2_int_dyn/production/_ext/1904930489/usb_device.o
 .debug_frame   0x00000e00       0xe8 build/pic32mx_usb_sk2_int_dyn/production/_ext/1904930489/usb_device_hid.o
 .debug_frame   0x00000ee8       0x78 build/pic32mx_usb_sk2_int_dyn/production/_ext/1360937237/imu.o
 .debug_frame   0x00000f60       0x2c c:/program files (x86)/microchip/xc32/v1.40/bin/bin/../../lib/gcc/pic32mx/4.8.3/../../../../pic32mx/lib\libpic32.a(default-bootstrap-exception-handler.o)
 .debug_frame   0x00000f8c       0x20 c:/program files (x86)/microchip/xc32/v1.40/bin/bin/../../lib/gcc/pic32mx/4.8.3/../../../../pic32mx/lib\libpic32.a(default-on-reset.o)
 .debug_frame   0x00000fac       0x20 c:/program files (x86)/microchip/xc32/v1.40/bin/bin/../../lib/gcc/pic32mx/4.8.3/../../../../pic32mx/lib\libpic32.a(default-on-bootstrap.o)
 .debug_frame   0x00000fcc       0x20 c:/program files (x86)/microchip/xc32/v1.40/bin/bin/../../lib/gcc/pic32mx/4.8.3/../../../../pic32mx/lib\libpic32.a(defaultinterrupt.o)

.debug_str      0x00000000      0x903
 *(.debug_str)
 .debug_str     0x00000000       0x39 build/pic32mx_usb_sk2_int_dyn/production/_ext/102310384/sys_clk_static.o
 .debug_str     0x00000039        0xe build/pic32mx_usb_sk2_int_dyn/production/_ext/1956551008/sys_ports_static.o
 .debug_str     0x00000047      0x119 build/pic32mx_usb_sk2_int_dyn/production/_ext/1774247193/system_init.o
 .debug_str     0x00000160        0x0 build/pic32mx_usb_sk2_int_dyn/production/_ext/1774247193/system_interrupt.o
 .debug_str     0x00000160        0x0 build/pic32mx_usb_sk2_int_dyn/production/_ext/1774247193/system_exceptions.o
 .debug_str     0x00000160        0x0 build/pic32mx_usb_sk2_int_dyn/production/_ext/1774247193/system_tasks.o
 .debug_str     0x00000160       0xa5 build/pic32mx_usb_sk2_int_dyn/production/_ext/1360937237/app.o
 .debug_str     0x00000205        0x0 build/pic32mx_usb_sk2_int_dyn/production/_ext/1360937237/main.o
 .debug_str     0x00000205        0x0 build/pic32mx_usb_sk2_int_dyn/production/_ext/1360937237/mouse.o
 .debug_str     0x00000205        0x0 build/pic32mx_usb_sk2_int_dyn/production/_ext/1360937237/i2c.o
 .debug_str     0x00000205       0x15 build/pic32mx_usb_sk2_int_dyn/production/_ext/1344078309/bsp_sys_init.o
 .debug_str     0x0000021a       0xa2 build/pic32mx_usb_sk2_int_dyn/production/_ext/1072454860/drv_usbfs.o
 .debug_str     0x000002bc      0x179 build/pic32mx_usb_sk2_int_dyn/production/_ext/1072454860/drv_usbfs_device.o
 .debug_str     0x00000435        0x6 build/pic32mx_usb_sk2_int_dyn/production/_ext/212648370/sys_devcon_pic32mx.o
 .debug_str     0x0000043b       0x16 build/pic32mx_usb_sk2_int_dyn/production/_ext/212648370/sys_devcon.o
 .debug_str     0x00000451       0x2d build/pic32mx_usb_sk2_int_dyn/production/_ext/765902284/sys_int_pic32.o
 .debug_str     0x0000047e       0x98 build/pic32mx_usb_sk2_int_dyn/production/_ext/581270743/sys_ports.o
 .debug_str     0x00000516      0x29f build/pic32mx_usb_sk2_int_dyn/production/_ext/1904930489/usb_device.o
 .debug_str     0x000007b5      0x141 build/pic32mx_usb_sk2_int_dyn/production/_ext/1904930489/usb_device_hid.o
 .debug_str     0x000008f6        0xd build/pic32mx_usb_sk2_int_dyn/production/_ext/1360937237/imu.o
 .debug_str     0x00000903        0x0 c:/program files (x86)/microchip/xc32/v1.40/bin/bin/../../lib/gcc/pic32mx/4.8.3/../../../../pic32mx/lib\libpic32.a(default-bootstrap-exception-handler.o)
 .debug_str     0x00000903        0x0 c:/program files (x86)/microchip/xc32/v1.40/bin/bin/../../lib/gcc/pic32mx/4.8.3/../../../../pic32mx/lib\libpic32.a(default-on-reset.o)
 .debug_str     0x00000903        0x0 c:/program files (x86)/microchip/xc32/v1.40/bin/bin/../../lib/gcc/pic32mx/4.8.3/../../../../pic32mx/lib\libpic32.a(default-on-bootstrap.o)
 .debug_str     0x00000903        0x0 c:/program files (x86)/microchip/xc32/v1.40/bin/bin/../../lib/gcc/pic32mx/4.8.3/../../../../pic32mx/lib\libpic32.a(defaultinterrupt.o)

.debug_loc      0x00000000     0x6f4d
 *(.debug_loc)
 .debug_loc     0x00000000       0x49 build/pic32mx_usb_sk2_int_dyn/production/_ext/102310384/sys_clk_static.o
 .debug_loc     0x00000049       0x21 build/pic32mx_usb_sk2_int_dyn/production/_ext/1774247193/system_init.o
 .debug_loc     0x0000006a      0x376 build/pic32mx_usb_sk2_int_dyn/production/_ext/1360937237/app.o
 .debug_loc     0x000003e0       0x2c build/pic32mx_usb_sk2_int_dyn/production/_ext/1360937237/mouse.o
 .debug_loc     0x0000040c      0x14d build/pic32mx_usb_sk2_int_dyn/production/_ext/1360937237/i2c.o
 .debug_loc     0x00000559       0xd9 build/pic32mx_usb_sk2_int_dyn/production/_ext/1344078309/bsp_sys_init.o
 .debug_loc     0x00000632      0x660 build/pic32mx_usb_sk2_int_dyn/production/_ext/1072454860/drv_usbfs.o
 .debug_loc     0x00000c92     0x2907 build/pic32mx_usb_sk2_int_dyn/production/_ext/1072454860/drv_usbfs_device.o
 .debug_loc     0x00003599       0x91 build/pic32mx_usb_sk2_int_dyn/production/_ext/212648370/sys_devcon_pic32mx.o
 .debug_loc     0x0000362a       0xf0 build/pic32mx_usb_sk2_int_dyn/production/_ext/212648370/sys_devcon.o
 .debug_loc     0x0000371a       0x8d build/pic32mx_usb_sk2_int_dyn/production/_ext/765902284/sys_int_pic32.o
 .debug_loc     0x000037a7      0xe83 build/pic32mx_usb_sk2_int_dyn/production/_ext/581270743/sys_ports.o
 .debug_loc     0x0000462a     0x1af3 build/pic32mx_usb_sk2_int_dyn/production/_ext/1904930489/usb_device.o
 .debug_loc     0x0000611d      0xb3c build/pic32mx_usb_sk2_int_dyn/production/_ext/1904930489/usb_device_hid.o
 .debug_loc     0x00006c59      0x2f4 build/pic32mx_usb_sk2_int_dyn/production/_ext/1360937237/imu.o

.debug_macinfo
 *(.debug_macinfo)

.debug_weaknames
 *(.debug_weaknames)

.debug_funcnames
 *(.debug_funcnames)

.debug_typenames
 *(.debug_typenames)

.debug_varnames
 *(.debug_varnames)

.debug_pubtypes
 *(.debug_pubtypes)

.debug_ranges   0x00000000      0x7b0
 *(.debug_ranges)
 .debug_ranges  0x00000000       0x40 build/pic32mx_usb_sk2_int_dyn/production/_ext/102310384/sys_clk_static.o
 .debug_ranges  0x00000040       0x10 build/pic32mx_usb_sk2_int_dyn/production/_ext/1956551008/sys_ports_static.o
 .debug_ranges  0x00000050       0x10 build/pic32mx_usb_sk2_int_dyn/production/_ext/1774247193/system_init.o
 .debug_ranges  0x00000060       0x10 build/pic32mx_usb_sk2_int_dyn/production/_ext/1774247193/system_interrupt.o
 .debug_ranges  0x00000070       0x10 build/pic32mx_usb_sk2_int_dyn/production/_ext/1774247193/system_exceptions.o
 .debug_ranges  0x00000080       0x10 build/pic32mx_usb_sk2_int_dyn/production/_ext/1774247193/system_tasks.o
 .debug_ranges  0x00000090       0x40 build/pic32mx_usb_sk2_int_dyn/production/_ext/1360937237/app.o
 .debug_ranges  0x000000d0       0x10 build/pic32mx_usb_sk2_int_dyn/production/_ext/1360937237/main.o
 .debug_ranges  0x000000e0       0x10 build/pic32mx_usb_sk2_int_dyn/production/_ext/1360937237/mouse.o
 .debug_ranges  0x000000f0       0x48 build/pic32mx_usb_sk2_int_dyn/production/_ext/1360937237/i2c.o
 .debug_ranges  0x00000138       0x40 build/pic32mx_usb_sk2_int_dyn/production/_ext/1344078309/bsp_sys_init.o
 .debug_ranges  0x00000178       0x78 build/pic32mx_usb_sk2_int_dyn/production/_ext/1072454860/drv_usbfs.o
 .debug_ranges  0x000001f0      0x210 build/pic32mx_usb_sk2_int_dyn/production/_ext/1072454860/drv_usbfs_device.o
 .debug_ranges  0x00000400       0x10 build/pic32mx_usb_sk2_int_dyn/production/_ext/212648370/sys_devcon_pic32mx.o
 .debug_ranges  0x00000410       0x68 build/pic32mx_usb_sk2_int_dyn/production/_ext/212648370/sys_devcon.o
 .debug_ranges  0x00000478       0x50 build/pic32mx_usb_sk2_int_dyn/production/_ext/765902284/sys_int_pic32.o
 .debug_ranges  0x000004c8       0xf0 build/pic32mx_usb_sk2_int_dyn/production/_ext/581270743/sys_ports.o
 .debug_ranges  0x000005b8      0x140 build/pic32mx_usb_sk2_int_dyn/production/_ext/1904930489/usb_device.o
 .debug_ranges  0x000006f8       0x50 build/pic32mx_usb_sk2_int_dyn/production/_ext/1904930489/usb_device_hid.o
 .debug_ranges  0x00000748       0x28 build/pic32mx_usb_sk2_int_dyn/production/_ext/1360937237/imu.o
 .debug_ranges  0x00000770       0x10 c:/program files (x86)/microchip/xc32/v1.40/bin/bin/../../lib/gcc/pic32mx/4.8.3/../../../../pic32mx/lib\libpic32.a(default-bootstrap-exception-handler.o)
 .debug_ranges  0x00000780       0x10 c:/program files (x86)/microchip/xc32/v1.40/bin/bin/../../lib/gcc/pic32mx/4.8.3/../../../../pic32mx/lib\libpic32.a(default-on-reset.o)
 .debug_ranges  0x00000790       0x10 c:/program files (x86)/microchip/xc32/v1.40/bin/bin/../../lib/gcc/pic32mx/4.8.3/../../../../pic32mx/lib\libpic32.a(default-on-bootstrap.o)
 .debug_ranges  0x000007a0       0x10 c:/program files (x86)/microchip/xc32/v1.40/bin/bin/../../lib/gcc/pic32mx/4.8.3/../../../../pic32mx/lib\libpic32.a(defaultinterrupt.o)

.gnu.attributes
                0x00000000       0x10
 *(.gnu.attributes)
 .gnu.attributes
                0x00000000       0x10 build/pic32mx_usb_sk2_int_dyn/production/_ext/102310384/sys_clk_static.o
 .gnu.attributes
                0x00000010       0x10 build/pic32mx_usb_sk2_int_dyn/production/_ext/1956551008/sys_ports_static.o
 .gnu.attributes
                0x00000020       0x10 build/pic32mx_usb_sk2_int_dyn/production/_ext/1774247193/system_init.o
 .gnu.attributes
                0x00000030       0x10 build/pic32mx_usb_sk2_int_dyn/production/_ext/1774247193/system_interrupt.o
 .gnu.attributes
                0x00000040       0x10 build/pic32mx_usb_sk2_int_dyn/production/_ext/1774247193/system_exceptions.o
 .gnu.attributes
                0x00000050       0x10 build/pic32mx_usb_sk2_int_dyn/production/_ext/1774247193/system_tasks.o
 .gnu.attributes
                0x00000060       0x10 build/pic32mx_usb_sk2_int_dyn/production/_ext/1360937237/app.o
 .gnu.attributes
                0x00000070       0x10 build/pic32mx_usb_sk2_int_dyn/production/_ext/1360937237/main.o
 .gnu.attributes
                0x00000080       0x10 build/pic32mx_usb_sk2_int_dyn/production/_ext/1360937237/mouse.o
 .gnu.attributes
                0x00000090       0x10 build/pic32mx_usb_sk2_int_dyn/production/_ext/1360937237/i2c.o
 .gnu.attributes
                0x000000a0       0x10 build/pic32mx_usb_sk2_int_dyn/production/_ext/1344078309/bsp_sys_init.o
 .gnu.attributes
                0x000000b0       0x10 build/pic32mx_usb_sk2_int_dyn/production/_ext/1072454860/drv_usbfs.o
 .gnu.attributes
                0x000000c0       0x10 build/pic32mx_usb_sk2_int_dyn/production/_ext/1072454860/drv_usbfs_device.o
 .gnu.attributes
                0x000000d0       0x10 build/pic32mx_usb_sk2_int_dyn/production/_ext/212648370/sys_devcon_pic32mx.o
 .gnu.attributes
                0x000000e0       0x10 build/pic32mx_usb_sk2_int_dyn/production/_ext/212648370/sys_devcon.o
 .gnu.attributes
                0x000000f0       0x10 build/pic32mx_usb_sk2_int_dyn/production/_ext/765902284/sys_int_pic32.o
 .gnu.attributes
                0x00000100       0x10 build/pic32mx_usb_sk2_int_dyn/production/_ext/581270743/sys_ports.o
 .gnu.attributes
                0x00000110       0x10 build/pic32mx_usb_sk2_int_dyn/production/_ext/1904930489/usb_device.o
 .gnu.attributes
                0x00000120       0x10 build/pic32mx_usb_sk2_int_dyn/production/_ext/1904930489/usb_device_hid.o
 .gnu.attributes
                0x00000130       0x10 build/pic32mx_usb_sk2_int_dyn/production/_ext/1360937237/imu.o
 .gnu.attributes
                0x00000140       0x10 c:/program files (x86)/microchip/xc32/v1.40/bin/bin/../../lib/gcc/pic32mx/4.8.3/../../../../pic32mx/lib\libpic32.a(default-bootstrap-exception-handler.o)
 .gnu.attributes
                0x00000150       0x10 c:/program files (x86)/microchip/xc32/v1.40/bin/bin/../../lib/gcc/pic32mx/4.8.3/../../../../pic32mx/lib\libpic32.a(default-on-reset.o)
 .gnu.attributes
                0x00000160       0x10 c:/program files (x86)/microchip/xc32/v1.40/bin/bin/../../lib/gcc/pic32mx/4.8.3/../../../../pic32mx/lib\libpic32.a(default-on-bootstrap.o)
 .gnu.attributes
                0x00000170       0x10 c:/program files (x86)/microchip/xc32/v1.40/bin/bin/../../lib/gcc/pic32mx/4.8.3/../../../../pic32mx/lib\libpic32.a(defaultinterrupt.o)
LOAD c:/program files (x86)/microchip/xc32/v1.40/bin/bin/../../lib/gcc/pic32mx/4.8.3\libgcc.a
START GROUP
LOAD c:/program files (x86)/microchip/xc32/v1.40/bin/bin/../../lib/gcc/pic32mx/4.8.3/../../../../pic32mx/lib\libpic32.a
LOAD c:/program files (x86)/microchip/xc32/v1.40/bin/bin/../../lib/gcc/pic32mx/4.8.3/../../../../pic32mx/lib\libdebug.a
LOAD c:/program files (x86)/microchip/xc32/v1.40/bin/bin/../../lib/gcc/pic32mx/4.8.3/../../../../pic32mx/lib\libpic32.a
LOAD c:/program files (x86)/microchip/xc32/v1.40/bin/bin/../../lib/gcc/pic32mx/4.8.3/../../../../pic32mx/lib\libm.a
LOAD c:/program files (x86)/microchip/xc32/v1.40/bin/bin/../../lib/gcc/pic32mx/4.8.3/../../../../pic32mx/lib\libe.a
LOAD c:/program files (x86)/microchip/xc32/v1.40/bin/bin/../../lib/gcc/pic32mx/4.8.3/../../../../pic32mx/lib\libdsp.a
LOAD c:/program files (x86)/microchip/xc32/v1.40/bin/bin/../../lib/gcc/pic32mx/4.8.3\libgcc.a
LOAD c:/program files (x86)/microchip/xc32/v1.40/bin/bin/../../lib/gcc/pic32mx/4.8.3/../../../../pic32mx/lib\libc.a
LOAD c:/program files (x86)/microchip/xc32/v1.40/bin/bin/../../lib/gcc/pic32mx/4.8.3/../../../../pic32mx/lib\libpic32.a
END GROUP
LOAD c:/program files (x86)/microchip/xc32/v1.40/bin/bin/../../lib/gcc/pic32mx/4.8.3\libgcc.a
OUTPUT(dist/pic32mx_usb_sk2_int_dyn/production/HW7.production.elf elf32-tradlittlemips)
LOAD stack
LOAD data_init

.reginfo        0x00000000       0x18
 .reginfo       0x00000000       0x18 c:/program files (x86)/microchip/xc32/v1.40/bin/bin/../../lib/gcc/pic32mx/4.8.3/../../../../pic32mx/lib/./proc/32MX250F128B/crt0_mips32r2.o

.stack          0xa00003a0      0x400
 .stack         0xa00003a0      0x400 stack

.bss            0xa0000044       0xb8
 .bss           0xa0000044       0xb8 build/pic32mx_usb_sk2_int_dyn/production/_ext/1904930489/usb_device.o

.data           0xa00000fc       0x98
 .data          0xa00000fc       0x4c build/pic32mx_usb_sk2_int_dyn/production/_ext/1774247193/system_exceptions.o
 .data          0xa0000148       0x4c build/pic32mx_usb_sk2_int_dyn/production/_ext/1072454860/drv_usbfs_device.o
                0xa0000148                gDrvUSBFSDeviceInterface

._debug_exception
                0xbfc00480       0x2c
 ._debug_exception
                0xbfc00480       0x2c c:/program files (x86)/microchip/xc32/v1.40/bin/bin/../../lib/gcc/pic32mx/4.8.3/../../../../pic32mx/lib\debug-exception-return.o
                0xbfc00480                __DbgExecReturn

.text._DRV_USBFS_DEVICE_Tasks_ISR
                0x9d000000      0x778
 .text._DRV_USBFS_DEVICE_Tasks_ISR
                0x9d000000      0x778 build/pic32mx_usb_sk2_int_dyn/production/_ext/1072454860/drv_usbfs_device.o
                0x9d000000                _DRV_USBFS_DEVICE_Tasks_ISR

.text._USB_DEVICE_HID_ControlTransferHandler
                0x9d000778      0x300
 .text._USB_DEVICE_HID_ControlTransferHandler
                0x9d000778      0x300 build/pic32mx_usb_sk2_int_dyn/production/_ext/1904930489/usb_device_hid.o
                0x9d000778                _USB_DEVICE_HID_ControlTransferHandler

.text.APP_Tasks
                0x9d000a78      0x298
 .text.APP_Tasks
                0x9d000a78      0x298 build/pic32mx_usb_sk2_int_dyn/production/_ext/1360937237/app.o
                0x9d000a78                APP_Tasks

.text._USB_DEVICE_ProcessStandardDeviceGetRequests
                0x9d000d10      0x268
 .text._USB_DEVICE_ProcessStandardDeviceGetRequests
                0x9d000d10      0x268 build/pic32mx_usb_sk2_int_dyn/production/_ext/1904930489/usb_device.o
                0x9d000d10                _USB_DEVICE_ProcessStandardDeviceGetRequests

.text.DRV_USBFS_DEVICE_IRPSubmit
                0x9d000f78      0x21c
 .text.DRV_USBFS_DEVICE_IRPSubmit
                0x9d000f78      0x21c build/pic32mx_usb_sk2_int_dyn/production/_ext/1072454860/drv_usbfs_device.o
                0x9d000f78                DRV_USBFS_DEVICE_IRPSubmit

.text._USB_DEVICE_EventHandler
                0x9d001194      0x214
 .text._USB_DEVICE_EventHandler
                0x9d001194      0x214 build/pic32mx_usb_sk2_int_dyn/production/_ext/1904930489/usb_device.o
                0x9d001194                _USB_DEVICE_EventHandler

.text._USB_DEVICE_ProcessStandardDeviceSetRequests
                0x9d0013a8      0x214
 .text._USB_DEVICE_ProcessStandardDeviceSetRequests
                0x9d0013a8      0x214 build/pic32mx_usb_sk2_int_dyn/production/_ext/1904930489/usb_device.o
                0x9d0013a8                _USB_DEVICE_ProcessStandardDeviceSetRequests

.text.DRV_USBFS_DEVICE_EndpointEnable
                0x9d0015bc      0x208
 .text.DRV_USBFS_DEVICE_EndpointEnable
                0x9d0015bc      0x208 build/pic32mx_usb_sk2_int_dyn/production/_ext/1072454860/drv_usbfs_device.o
                0x9d0015bc                DRV_USBFS_DEVICE_EndpointEnable

.text._USB_DEVICE_ControlTransferHandler
                0x9d0017c4      0x1e0
 .text._USB_DEVICE_ControlTransferHandler
                0x9d0017c4      0x1e0 build/pic32mx_usb_sk2_int_dyn/production/_ext/1904930489/usb_device.o
                0x9d0017c4                _USB_DEVICE_ControlTransferHandler

.text.DRV_USBFS_Initialize
                0x9d0019a4      0x1d8
 .text.DRV_USBFS_Initialize
                0x9d0019a4      0x1d8 build/pic32mx_usb_sk2_int_dyn/production/_ext/1072454860/drv_usbfs.o
                0x9d0019a4                DRV_USBFS_Initialize

.text.DRV_USBFS_DEVICE_EndpointStallClear
                0x9d001b7c      0x1b8
 .text.DRV_USBFS_DEVICE_EndpointStallClear
                0x9d001b7c      0x1b8 build/pic32mx_usb_sk2_int_dyn/production/_ext/1072454860/drv_usbfs_device.o
                0x9d001b7c                DRV_USBFS_DEVICE_EndpointStallClear

.text.DRV_USBFS_DEVICE_EndpointStall
                0x9d001d34      0x1ac
 .text.DRV_USBFS_DEVICE_EndpointStall
                0x9d001d34      0x1ac build/pic32mx_usb_sk2_int_dyn/production/_ext/1072454860/drv_usbfs_device.o
                0x9d001d34                DRV_USBFS_DEVICE_EndpointStall

.rodata         0x9d001ee0      0x188
 .rodata        0x9d001ee0      0x188 build/pic32mx_usb_sk2_int_dyn/production/_ext/1774247193/system_init.o
                0x9d001ee0                hid_rpt0
                0x9d001f14                hidInit0
                0x9d001f24                funcRegistrationTable
                0x9d001f38                deviceDescriptor
                0x9d001f4c                fullSpeedConfigurationDescriptor
                0x9d001f78                fullSpeedConfigDescSet
                0x9d001f7c                sd000
                0x9d001f80                sd001
                0x9d001fb4                sd002
                0x9d001fd4                stringDescriptors
                0x9d001fe0                usbMasterDescriptor
                0x9d00200c                usbDevInitData
                0x9d002040                drvUSBInit
                0x9d002064                sysDevconInit

.text.DRV_USBFS_DEVICE_EndpointDisable
                0x9d002068      0x184
 .text.DRV_USBFS_DEVICE_EndpointDisable
                0x9d002068      0x184 build/pic32mx_usb_sk2_int_dyn/production/_ext/1072454860/drv_usbfs_device.o
                0x9d002068                DRV_USBFS_DEVICE_EndpointDisable

.text._USB_DEVICE_Ep0ReceiveCompleteCallback
                0x9d0021ec      0x184
 .text._USB_DEVICE_Ep0ReceiveCompleteCallback
                0x9d0021ec      0x184 build/pic32mx_usb_sk2_int_dyn/production/_ext/1904930489/usb_device.o
                0x9d0021ec                _USB_DEVICE_Ep0ReceiveCompleteCallback

.text.USB_DEVICE_HID_ReportSend
                0x9d002370      0x17c
 .text.USB_DEVICE_HID_ReportSend
                0x9d002370      0x17c build/pic32mx_usb_sk2_int_dyn/production/_ext/1904930489/usb_device_hid.o
                0x9d002370                USB_DEVICE_HID_ReportSend

.text.APP_USBDeviceEventHandler
                0x9d0024ec      0x170
 .text.APP_USBDeviceEventHandler
                0x9d0024ec      0x170 build/pic32mx_usb_sk2_int_dyn/production/_ext/1360937237/app.o
                0x9d0024ec                APP_USBDeviceEventHandler

.text.USB_DEVICE_Tasks
                0x9d00265c      0x170
 .text.USB_DEVICE_Tasks
                0x9d00265c      0x170 build/pic32mx_usb_sk2_int_dyn/production/_ext/1904930489/usb_device.o
                0x9d00265c                USB_DEVICE_Tasks

.text           0x9d0027cc      0x168
 .text          0x9d0027cc      0x168 c:/program files (x86)/microchip/xc32/v1.40/bin/bin/../../lib/gcc/pic32mx/4.8.3/../../../../pic32mx/lib\libpic32.a(memcpy.o)
                0x9d0027cc                memcpy

.text.USB_DEVICE_Initialize
                0x9d002934      0x158
 .text.USB_DEVICE_Initialize
                0x9d002934      0x158 build/pic32mx_usb_sk2_int_dyn/production/_ext/1904930489/usb_device.o
                0x9d002934                USB_DEVICE_Initialize

.text._USB_DEVICE_HID_InitializeByDescriptorType
                0x9d002a8c      0x14c
 .text._USB_DEVICE_HID_InitializeByDescriptorType
                0x9d002a8c      0x14c build/pic32mx_usb_sk2_int_dyn/production/_ext/1904930489/usb_device_hid.o
                0x9d002a8c                _USB_DEVICE_HID_InitializeByDescriptorType

.text.APP_Initialize
                0x9d002bd8      0x148
 .text.APP_Initialize
                0x9d002bd8      0x148 build/pic32mx_usb_sk2_int_dyn/production/_ext/1360937237/app.o
                0x9d002bd8                APP_Initialize

.text.DRV_USBFS_DEVICE_IRPCancelAll
                0x9d002d20      0x13c
 .text.DRV_USBFS_DEVICE_IRPCancelAll
                0x9d002d20      0x13c build/pic32mx_usb_sk2_int_dyn/production/_ext/1072454860/drv_usbfs_device.o
                0x9d002d20                DRV_USBFS_DEVICE_IRPCancelAll

.text._IntHandlerUSBInstance0
                0x9d002e5c      0x134
 .text._IntHandlerUSBInstance0
                0x9d002e5c      0x134 build/pic32mx_usb_sk2_int_dyn/production/_ext/1774247193/system_interrupt.o
                0x9d002e5c                _IntHandlerUSBInstance0

.dinit          0x9d002f90      0x120
 .dinit         0x9d002f90      0x120 data_init

.text._USB_DEVICE_ProcessStandardEndpointRequest
                0x9d0030b0      0x100
 .text._USB_DEVICE_ProcessStandardEndpointRequest
                0x9d0030b0      0x100 build/pic32mx_usb_sk2_int_dyn/production/_ext/1904930489/usb_device.o
                0x9d0030b0                _USB_DEVICE_ProcessStandardEndpointRequest

.text._USB_DEVICE_ConfigureDevice
                0x9d0031b0      0x100
 .text._USB_DEVICE_ConfigureDevice
                0x9d0031b0      0x100 build/pic32mx_usb_sk2_int_dyn/production/_ext/1904930489/usb_device.o
                0x9d0031b0                _USB_DEVICE_ConfigureDevice

.text.I2C_read_multiple
                0x9d0032b0       0xf0
 .text.I2C_read_multiple
                0x9d0032b0       0xf0 build/pic32mx_usb_sk2_int_dyn/production/_ext/1360937237/i2c.o
                0x9d0032b0                I2C_read_multiple

.text.SYS_Initialize
                0x9d0033a0       0xdc
 .text.SYS_Initialize
                0x9d0033a0       0xdc build/pic32mx_usb_sk2_int_dyn/production/_ext/1774247193/system_init.o
                0x9d0033a0                SYS_Initialize

.rodata         0x9d00347c       0xdc
 .rodata        0x9d00347c       0xdc build/pic32mx_usb_sk2_int_dyn/production/_ext/1774247193/system_exceptions.o

.text.general_exception
                0x9d003558       0xdc
 .text.general_exception
                0x9d003558       0xdc c:/program files (x86)/microchip/xc32/v1.40/bin/bin/../../lib/gcc/pic32mx/4.8.3/../../../../pic32mx/lib\libpic32.a(general-exception.o)
                0x9d003558                _general_exception_context

.text._DRV_USBFS_DEVICE_EndpointBDTEntryArm
                0x9d003634       0xd8
 .text._DRV_USBFS_DEVICE_EndpointBDTEntryArm
                0x9d003634       0xd8 build/pic32mx_usb_sk2_int_dyn/production/_ext/1072454860/drv_usbfs_device.o
                0x9d003634                _DRV_USBFS_DEVICE_EndpointBDTEntryArm

.text._USB_DEVICE_GetStringDescriptorRequestProcess
                0x9d00370c       0xd4
 .text._USB_DEVICE_GetStringDescriptorRequestProcess
                0x9d00370c       0xd4 build/pic32mx_usb_sk2_int_dyn/production/_ext/1904930489/usb_device.o
                0x9d00370c                _USB_DEVICE_GetStringDescriptorRequestProcess

.text.APP_USBDeviceHIDEventHandler
                0x9d0037e0       0xd0
 .text.APP_USBDeviceHIDEventHandler
                0x9d0037e0       0xd0 build/pic32mx_usb_sk2_int_dyn/production/_ext/1360937237/app.o
                0x9d0037e0                APP_USBDeviceHIDEventHandler

.text._USB_DEVICE_HID_DeInitialize
                0x9d0038b0       0xbc
 .text._USB_DEVICE_HID_DeInitialize
                0x9d0038b0       0xbc build/pic32mx_usb_sk2_int_dyn/production/_ext/1904930489/usb_device_hid.o
                0x9d0038b0                _USB_DEVICE_HID_DeInitialize

.text._USB_DEVICE_Ep0TransmitCompleteCallback
                0x9d00396c       0xb0
 .text._USB_DEVICE_Ep0TransmitCompleteCallback
                0x9d00396c       0xb0 build/pic32mx_usb_sk2_int_dyn/production/_ext/1904930489/usb_device.o
                0x9d00396c                _USB_DEVICE_Ep0TransmitCompleteCallback

.text._USB_DEVICE_HID_ReportSendCallBack
                0x9d003a1c       0xb0
 .text._USB_DEVICE_HID_ReportSendCallBack
                0x9d003a1c       0xb0 build/pic32mx_usb_sk2_int_dyn/production/_ext/1904930489/usb_device_hid.o
                0x9d003a1c                _USB_DEVICE_HID_ReportSendCallBack

.text._USB_DEVICE_DeInitializeAllFunctionDrivers
                0x9d003acc       0xa8
 .text._USB_DEVICE_DeInitializeAllFunctionDrivers
                0x9d003acc       0xa8 build/pic32mx_usb_sk2_int_dyn/production/_ext/1904930489/usb_device.o
                0x9d003acc                _USB_DEVICE_DeInitializeAllFunctionDrivers

.text.start_imu
                0x9d003b74       0xa8
 .text.start_imu
                0x9d003b74       0xa8 build/pic32mx_usb_sk2_int_dyn/production/_ext/1360937237/imu.o
                0x9d003b74                start_imu

.text._USB_DEVICE_ForwardControlXfrToFunction
                0x9d003c1c       0xa0
 .text._USB_DEVICE_ForwardControlXfrToFunction
                0x9d003c1c       0xa0 build/pic32mx_usb_sk2_int_dyn/production/_ext/1904930489/usb_device.o
                0x9d003c1c                _USB_DEVICE_ForwardControlXfrToFunction

.text           0x9d003cbc       0x98
 .text          0x9d003cbc       0x98 c:/program files (x86)/microchip/xc32/v1.40/bin/bin/../../lib/gcc/pic32mx/4.8.3/../../../../pic32mx/lib\libpic32.a(memcmp.o)
                0x9d003cbc                memcmp

.text._USB_DEVICE_GetFunctionDriverEntryByInterface
                0x9d003d54       0x88
 .text._USB_DEVICE_GetFunctionDriverEntryByInterface
                0x9d003d54       0x88 build/pic32mx_usb_sk2_int_dyn/production/_ext/1904930489/usb_device.o
                0x9d003d54                _USB_DEVICE_GetFunctionDriverEntryByInterface

.text._USB_DEVICE_FindEndpoint
                0x9d003ddc       0x88
 .text._USB_DEVICE_FindEndpoint
                0x9d003ddc       0x88 build/pic32mx_usb_sk2_int_dyn/production/_ext/1904930489/usb_device.o
                0x9d003ddc                _USB_DEVICE_FindEndpoint

.text.i2c_master_recv
                0x9d003e64       0x84
 .text.i2c_master_recv
                0x9d003e64       0x84 build/pic32mx_usb_sk2_int_dyn/production/_ext/1360937237/i2c.o
                0x9d003e64                i2c_master_recv

.text.DRV_USBFS_Tasks_ISR
                0x9d003ee8       0x84
 .text.DRV_USBFS_Tasks_ISR
                0x9d003ee8       0x84 build/pic32mx_usb_sk2_int_dyn/production/_ext/1072454860/drv_usbfs.o
                0x9d003ee8                DRV_USBFS_Tasks_ISR

.text.DRV_USBFS_DEVICE_Attach
                0x9d003f6c       0x84
 .text.DRV_USBFS_DEVICE_Attach
                0x9d003f6c       0x84 build/pic32mx_usb_sk2_int_dyn/production/_ext/1072454860/drv_usbfs_device.o
                0x9d003f6c                DRV_USBFS_DEVICE_Attach

.text.USB_DEVICE_ControlSend
                0x9d003ff0       0x84
 .text.USB_DEVICE_ControlSend
                0x9d003ff0       0x84 build/pic32mx_usb_sk2_int_dyn/production/_ext/1904930489/usb_device.o
                0x9d003ff0                USB_DEVICE_ControlSend

.text.USB_DEVICE_ControlStatus
                0x9d004074       0x7c
 .text.USB_DEVICE_ControlStatus
                0x9d004074       0x7c build/pic32mx_usb_sk2_int_dyn/production/_ext/1904930489/usb_device.o
                0x9d004074                USB_DEVICE_ControlStatus

.text.DRV_USBFS_ClientEventCallBackSet
                0x9d0040f0       0x78
 .text.DRV_USBFS_ClientEventCallBackSet
                0x9d0040f0       0x78 build/pic32mx_usb_sk2_int_dyn/production/_ext/1072454860/drv_usbfs.o
                0x9d0040f0                DRV_USBFS_ClientEventCallBackSet

.text.i2c_master_ack
                0x9d004168       0x74
 .text.i2c_master_ack
                0x9d004168       0x74 build/pic32mx_usb_sk2_int_dyn/production/_ext/1360937237/i2c.o
                0x9d004168                i2c_master_ack

.text.DRV_USBFS_DEVICE_Detach
                0x9d0041dc       0x6c
 .text.DRV_USBFS_DEVICE_Detach
                0x9d0041dc       0x6c build/pic32mx_usb_sk2_int_dyn/production/_ext/1072454860/drv_usbfs_device.o
                0x9d0041dc                DRV_USBFS_DEVICE_Detach

.text.i2c_master_start
                0x9d004248       0x68
 .text.i2c_master_start
                0x9d004248       0x68 build/pic32mx_usb_sk2_int_dyn/production/_ext/1360937237/i2c.o
                0x9d004248                i2c_master_start

.text.i2c_master_restart
                0x9d0042b0       0x68
 .text.i2c_master_restart
                0x9d0042b0       0x68 build/pic32mx_usb_sk2_int_dyn/production/_ext/1360937237/i2c.o
                0x9d0042b0                i2c_master_restart

.text.i2c_master_stop
                0x9d004318       0x68
 .text.i2c_master_stop
                0x9d004318       0x68 build/pic32mx_usb_sk2_int_dyn/production/_ext/1360937237/i2c.o
                0x9d004318                i2c_master_stop

.text._DRV_USBFS_DEVICE_IRPQueueFlush
                0x9d004380       0x68
 .text._DRV_USBFS_DEVICE_IRPQueueFlush
                0x9d004380       0x68 build/pic32mx_usb_sk2_int_dyn/production/_ext/1072454860/drv_usbfs_device.o
                0x9d004380                _DRV_USBFS_DEVICE_IRPQueueFlush

.text.i2c_master_send
                0x9d0043e8       0x60
 .text.i2c_master_send
                0x9d0043e8       0x60 build/pic32mx_usb_sk2_int_dyn/production/_ext/1360937237/i2c.o
                0x9d0043e8                i2c_master_send

.text.SYS_DEVCON_PerformanceConfig
                0x9d004448       0x60
 .text.SYS_DEVCON_PerformanceConfig
                0x9d004448       0x60 build/pic32mx_usb_sk2_int_dyn/production/_ext/212648370/sys_devcon_pic32mx.o
                0x9d004448                SYS_DEVCON_PerformanceConfig

.text.SYS_CLK_Initialize
                0x9d0044a8       0x58
 .text.SYS_CLK_Initialize
                0x9d0044a8       0x58 build/pic32mx_usb_sk2_int_dyn/production/_ext/102310384/sys_clk_static.o
                0x9d0044a8                SYS_CLK_Initialize

.text.SYS_DEVCON_SystemUnlock
                0x9d004500       0x58
 .text.SYS_DEVCON_SystemUnlock
                0x9d004500       0x58 build/pic32mx_usb_sk2_int_dyn/production/_ext/212648370/sys_devcon.o
                0x9d004500                SYS_DEVCON_SystemUnlock

.text.SYS_INT_SourceDisable
                0x9d004558       0x58
 .text.SYS_INT_SourceDisable
                0x9d004558       0x58 build/pic32mx_usb_sk2_int_dyn/production/_ext/765902284/sys_int_pic32.o
                0x9d004558                SYS_INT_SourceDisable

.text.USB_DEVICE_EventHandlerSet
                0x9d0045b0       0x58
 .text.USB_DEVICE_EventHandlerSet
                0x9d0045b0       0x58 build/pic32mx_usb_sk2_int_dyn/production/_ext/1904930489/usb_device.o
                0x9d0045b0                USB_DEVICE_EventHandlerSet

.text.main_entry
                0x9d004608       0x54
 .text.main_entry
                0x9d004608       0x54 c:/program files (x86)/microchip/xc32/v1.40/bin/bin/../../lib/gcc/pic32mx/4.8.3/../../../../pic32mx/lib/./proc/32MX250F128B/crt0_mips32r2.o
                0x9d00463c                __crt0_exit

.text.DRV_USBFS_Open
                0x9d00465c       0x54
 .text.DRV_USBFS_Open
                0x9d00465c       0x54 build/pic32mx_usb_sk2_int_dyn/production/_ext/1072454860/drv_usbfs.o
                0x9d00465c                DRV_USBFS_Open

.text.USB_DEVICE_Open
                0x9d0046b0       0x50
 .text.USB_DEVICE_Open
                0x9d0046b0       0x50 build/pic32mx_usb_sk2_int_dyn/production/_ext/1904930489/usb_device.o
                0x9d0046b0                USB_DEVICE_Open

.text.DRV_USBFS_DEVICE_SOFNumberGet
                0x9d004700       0x4c
 .text.DRV_USBFS_DEVICE_SOFNumberGet
                0x9d004700       0x4c build/pic32mx_usb_sk2_int_dyn/production/_ext/1072454860/drv_usbfs_device.o
                0x9d004700                DRV_USBFS_DEVICE_SOFNumberGet

.text._USB_DEVICE_RedirectControlXfrToClient
                0x9d00474c       0x4c
 .text._USB_DEVICE_RedirectControlXfrToClient
                0x9d00474c       0x4c build/pic32mx_usb_sk2_int_dyn/production/_ext/1904930489/usb_device.o
                0x9d00474c                _USB_DEVICE_RedirectControlXfrToClient

.text.USB_DEVICE_HID_EventHandlerSet
                0x9d004798       0x4c
 .text.USB_DEVICE_HID_EventHandlerSet
                0x9d004798       0x4c build/pic32mx_usb_sk2_int_dyn/production/_ext/1904930489/usb_device_hid.o
                0x9d004798                USB_DEVICE_HID_EventHandlerSet

.text.SYS_DEVCON_SystemLock
                0x9d0047e4       0x48
 .text.SYS_DEVCON_SystemLock
                0x9d0047e4       0x48 build/pic32mx_usb_sk2_int_dyn/production/_ext/212648370/sys_devcon.o
                0x9d0047e4                SYS_DEVCON_SystemLock

.text._bootstrap_exception_handler
                0x9d00482c       0x48
 .text._bootstrap_exception_handler
                0x9d00482c       0x48 c:/program files (x86)/microchip/xc32/v1.40/bin/bin/../../lib/gcc/pic32mx/4.8.3/../../../../pic32mx/lib\libpic32.a(default-bootstrap-exception-handler.o)
                0x9d00482c                _bootstrap_exception_handler

.vector_default
                0x9d004874       0x48
 .vector_default
                0x9d004874       0x48 c:/program files (x86)/microchip/xc32/v1.40/bin/bin/../../lib/gcc/pic32mx/4.8.3/../../../../pic32mx/lib\libpic32.a(defaultinterrupt.o)
                0x9d004874                _DefaultInterrupt

.text.SYS_Tasks
                0x9d0048bc       0x44
 .text.SYS_Tasks
                0x9d0048bc       0x44 build/pic32mx_usb_sk2_int_dyn/production/_ext/1774247193/system_tasks.o
                0x9d0048bc                SYS_Tasks

.text.DRV_USBFS_DEVICE_EndpointIsEnabled
                0x9d004900       0x44
 .text.DRV_USBFS_DEVICE_EndpointIsEnabled
                0x9d004900       0x44 build/pic32mx_usb_sk2_int_dyn/production/_ext/1072454860/drv_usbfs_device.o
                0x9d004900                DRV_USBFS_DEVICE_EndpointIsEnabled

.text.DRV_USBFS_DEVICE_EndpointIsStalled
                0x9d004944       0x44
 .text.DRV_USBFS_DEVICE_EndpointIsStalled
                0x9d004944       0x44 build/pic32mx_usb_sk2_int_dyn/production/_ext/1072454860/drv_usbfs_device.o
                0x9d004944                DRV_USBFS_DEVICE_EndpointIsStalled

.text           0x9d004988       0x44
 .text          0x9d004988       0x44 c:/program files (x86)/microchip/xc32/v1.40/bin/bin/../../lib/gcc/pic32mx/4.8.3/../../../../pic32mx/lib\pic32_software_reset.o
                0x9d004988                __pic32_software_reset

.text._general_exception_handler
                0x9d0049cc       0x40
 .text._general_exception_handler
                0x9d0049cc       0x40 build/pic32mx_usb_sk2_int_dyn/production/_ext/1774247193/system_exceptions.o
                0x9d0049cc                _general_exception_handler

.text.is_button_pressed